vai items split: 115
[  1] item000 small_text   iou 1.0|0.8054 kink 0.0|0.0
[  2] item001 small_text   iou 1.0|0.9014 kink 0.0|0.0
[  3] item002 small_text   iou 0.9657|0.9169 kink 1.647|0.0
[  4] item003 small_text   iou 0.9429|0.9714 kink 0.0|0.0
[  5] item004 small_text   iou 0.9688|0.9143 kink 3.68|0.0
[  6] item005 small_text   iou 1.0|1.0 kink 0.0|0.0
[  7] item006 small_text   iou 0.9655|0.9149 kink 0.0|0.0
[  8] item007 small_text   iou 0.9891|0.9286 kink 0.0|0.0
[  9] item008 small_text   iou 0.9903|0.9863 kink 0.0|0.0
[ 10] item009 small_text   iou 0.9352|0.5598 kink 5.22|1.971
[ 11] item010 small_text   iou 0.9198|0.5591 kink 2.686|1.326
[ 12] item011 small_text   iou 0.9064|0.939 kink 1.793|1.096
[ 13] item012 small_text   iou 0.9692|0.8533 kink 6.579|2.446
[ 14] item013 small_text   iou 0.9691|0.7818 kink 6.449|1.637
[ 15] item014 small_text   iou 0.9536|0.9537 kink 4.391|1.415
[ 16] item015 small_text   iou 0.9787|0.9592 kink 5.982|5.894
[ 17] item016 small_text   iou 0.9744|0.7938 kink 1.904|0.0
[ 18] item017 small_text   iou 0.973|0.9604 kink 1.875|0.0
[ 19] item018 small_text   iou 0.8662|0.8304 kink 6.78|3.042
[ 20] item019 small_text   iou 0.8|0.8583 kink 7.939|5.125
[ 21] item020 small_text   iou 0.8731|0.8975 kink 5.816|3.526
[ 22] item021 small_text   iou 0.8729|0.8645 kink 5.245|2.937
[ 23] item022 small_text   iou 0.9206|0.8791 kink 7.368|0.494
[ 24] item023 small_text   iou 0.8947|0.9119 kink 3.426|1.792
[ 25] item024 small_text   iou 0.8966|0.9138 kink 7.091|1.341
[ 26] item025 small_text   iou 0.9003|0.9397 kink 5.129|4.228
[ 27] item026 logos        iou 0.9356|0.936 kink 2.728|1.009
[ 28] item027 logos        iou 0.8299|0.8857 kink 6.913|3.474
[ 29] item028 logos        iou 0.9726|0.9451 kink 0.202|0.142
[ 30] item029 logos        iou 0.8025|0.9408 kink 5.816|0.902
[ 31] item030 logos        iou 0.9713|0.9461 kink 0.913|0.978
[ 32] item031 logos        iou 0.8591|0.9162 kink 8.723|1.47
[ 33] item032 logos        iou 0.9521|0.9253 kink 1.626|1.127
[ 34] item033 logos        iou 0.8391|0.8921 kink 6.287|2.843
[ 35] item034 logos        iou 0.9591|0.9657 kink 1.095|0.424
[ 36] item035 logos        iou 0.8507|0.8836 kink 7.174|2.491
[ 37] item036 logos        iou 0.9575|0.9748 kink 1.042|0.953
[ 38] item037 logos        iou 0.916|0.9302 kink 4.437|1.715
[ 39] item038 logos        iou 0.9634|0.9674 kink 0.858|0.322
[ 40] item039 logos        iou 0.8418|0.9532 kink 6.959|0.539
[ 41] item040 logos        iou 0.9395|0.9795 kink 0.994|0.638
[ 42] item041 logos        iou 0.8279|0.8465 kink 7.513|0.832
[ 43] item042 logos        iou 0.9657|0.791 kink 1.66|0.224
[ 44] item043 logos        iou 0.7359|0.8076 kink 8.074|0.829
[ 45] item044 logos        iou 0.974|0.9182 kink 0.519|0.425
[ 46] item045 logos        iou 0.9117|0.8991 kink 3.744|0.547
[ 47] item046 ui_icons     iou 0.9444|0.8632 kink 1.266|1.206
[ 48] item047 ui_icons     iou 0.9357|0.8682 kink 1.324|1.054
[ 49] item048 ui_icons     iou 0.8764|0.5722 kink 3.894|3.714
[ 50] item049 ui_icons     iou 0.8272|0.5863 kink 2.543|3.426
[ 51] item050 ui_icons     iou 0.9288|0.9465 kink 2.158|2.841
[ 52] item051 ui_icons     iou 0.9183|0.9512 kink 8.301|1.313
[ 53] item052 ui_icons     iou 0.9167|0.8886 kink 5.742|1.791
[ 54] item053 ui_icons     iou 0.8757|0.8171 kink 10.974|2.585
[ 55] item054 ui_icons     iou 0.8806|0.8797 kink 6.756|3.375
[ 56] item055 ui_icons     iou 0.8066|0.8498 kink 8.115|3.227
[ 57] item056 ui_icons     iou 0.9919|0.9759 kink 0.507|0.368
[ 58] item057 ui_icons     iou 0.9656|0.9803 kink 7.393|0.737
[ 59] item058 gradients    iou 0.9895|0.9925 kink 4.739|1.902
[ 60] item059 gradients    iou 0.9921|0.9773 kink 8.775|1.196
[ 61] item060 gradients    iou 0.9347|0.9164 kink 4.478|0.672
[ 62] item061 gradients    iou 0.8389|0.8901 kink 5.394|1.892
[ 63] item062 gradients    iou 0.9479|0.9736 kink 0.778|0.0
[ 64] item063 gradients    iou 0.9663|0.928 kink 3.336|0.479
[ 65] item064 gradients    iou 0.9419|0.9303 kink 3.814|3.006
[ 66] item065 gradients    iou 0.9718|0.8891 kink 4.136|0.31
[ 67] item066 gradients    iou 0.953|0.8892 kink 5.642|1.293
[ 68] item067 gradients    iou 0.9425|0.945 kink 6.274|0.714
[ 69] item068 gradients    iou 0.9059|0.8981 kink 8.927|1.427
[ 70] item069 gradients    iou 0.9785|0.9709 kink 4.658|0.354
[ 71] item070 gradients    iou 0.9545|0.9667 kink 4.511|0.926
[ 72] item071 transparency iou 0.9628|0.9182 kink 4.06|0.39
[ 73] item072 transparency iou 0.9617|0.865 kink 0.918|0.63
[ 74] item073 transparency iou 0.9671|0.9323 kink 1.141|1.317
[ 75] item074 transparency iou 0.9609|0.91 kink 0.709|0.355
[ 76] item075 jpeg_dirty   iou 0.9635|0.9803 kink 10.555|1.256
[ 77] item076 jpeg_dirty   iou 0.7888|0.8843 kink 7.723|2.368
[ 78] item077 jpeg_dirty   iou 0.8299|0.8867 kink 6.913|2.971
[ 79] item078 jpeg_dirty   iou 0.8774|0.9342 kink 6.689|0.822
[ 80] item079 jpeg_dirty   iou 0.9097|0.8916 kink 7.194|1.897
[ 81] item080 jpeg_dirty   iou 0.892|0.8616 kink 4.883|0.714
[ 82] item081 jpeg_dirty   iou 0.8901|0.8696 kink 2.039|0.335
[ 83] item082 jpeg_dirty   iou 0.9283|0.9737 kink 6.586|1.123
[ 84] item083 jpeg_dirty   iou 0.8025|0.9231 kink 5.816|0.719
[ 85] item084 jpeg_dirty   iou 0.9327|0.9169 kink 3.245|0.526
[ 86] item085 diagrams     iou 0.9928|0.9866 kink 0.201|4.938
[ 87] item086 diagrams     iou 0.9898|0.9743 kink 1.619|4.163
[ 88] item087 diagrams     iou 0.9917|0.9936 kink 0.0|0.2
[ 89] item088 diagrams     iou 0.9755|0.9843 kink 0.0|0.268
[ 90] item089 diagrams     iou 0.9991|0.9837 kink 0.0|0.0
[ 91] item090 diagrams     iou 0.9953|0.9712 kink 0.0|0.524
[ 92] item091 diagrams     iou 0.9929|0.9936 kink 3.861|0.115
[ 93] item092 diagrams     iou 0.9793|0.9868 kink 4.208|0.116
[ 94] item093 diagrams     iou 0.9879|0.8172 kink 1.051|0.0
[ 95] item094 diagrams     iou 0.9901|0.816 kink 0.602|0.0
[ 96] item095 diagrams     iou 0.9992|0.9916 kink 0.0|0.0
[ 97] item096 diagrams     iou 0.9363|0.9807 kink 0.0|1.166
[ 98] item097 diagrams     iou 0.8958|0.9699 kink 0.723|2.593
[ 99] item098 diagrams     iou 0.9471|0.9572 kink 1.898|1.772
[100] item099 diagrams     iou 0.9453|0.9818 kink 1.242|0.416
[101] item100 diagrams     iou 0.5848|0.3256 kink 4.217|1.028
[102] item101 diagrams     iou 0.8617|0.2887 kink 1.155|0.035
[103] item102 diagrams     iou 0.9053|0.3267 kink 1.327|0.052
[104] item103 diagrams     iou 0.8915|0.6333 kink 2.097|5.939
[105] item104 diagrams     iou 0.7794|0.7836 kink 1.511|2.319
[106] item105 diagrams     iou 0.7587|0.4573 kink 0.838|0.23
[107] item106 diagrams     iou 0.7968|0.6822 kink 1.468|0.202
[108] item107 diagrams     iou 0.885|0.4697 kink 2.219|0.089
[109] item108 diagrams     iou 0.9724|0.4834 kink 1.334|0.03
[110] item109 diagrams     iou 0.9074|0.5485 kink 0.497|0.868
[111] item110 diagrams     iou 0.7534|0.5218 kink 1.128|0.532
[112] item111 diagrams     iou 0.7314|0.3851 kink 0.817|0.096
