vai items split: 115
[  1] item000 small_text   iou 1.0|0.8054 kink 0.0|0.0
[  2] item001 small_text   iou 1.0|0.9014 kink 0.0|0.0
[  3] item002 small_text   iou 0.999|0.9169 kink 1.646|0.0
[  4] item003 small_text   iou 0.9429|0.9714 kink 0.0|0.0
[  5] item004 small_text   iou 0.9688|0.9143 kink 3.68|0.0
[  6] item005 small_text   iou 1.0|1.0 kink 0.0|0.0
[  7] item006 small_text   iou 0.9655|0.9149 kink 0.0|0.0
[  8] item007 small_text   iou 0.9891|0.9286 kink 0.0|0.0
[  9] item008 small_text   iou 0.9903|0.9863 kink 0.0|0.0
[ 10] item009 small_text   iou 0.9352|0.5598 kink 5.22|1.971
[ 11] item010 small_text   iou 0.9198|0.5591 kink 2.686|1.326
[ 12] item011 small_text   iou 0.9064|0.939 kink 1.793|1.096
[ 13] item012 small_text   iou 0.9308|0.8533 kink 4.906|2.446
[ 14] item013 small_text   iou 0.9731|0.7818 kink 4.338|1.637
[ 15] item014 small_text   iou 0.9494|0.9537 kink 4.372|1.415
[ 16] item015 small_text   iou 0.9362|0.9592 kink 5.976|5.894
[ 17] item016 small_text   iou 0.9744|0.7938 kink 1.904|0.0
[ 18] item017 small_text   iou 0.973|0.9604 kink 1.875|0.0
[ 19] item018 small_text   iou 0.8696|0.8304 kink 7.213|3.042
[ 20] item019 small_text   iou 0.8012|0.8583 kink 8.11|5.125
[ 21] item020 small_text   iou 0.8841|0.8975 kink 5.766|3.526
[ 22] item021 small_text   iou 0.8698|0.8645 kink 5.766|2.937
[ 23] item022 small_text   iou 0.9217|0.8791 kink 6.406|0.494
[ 24] item023 small_text   iou 0.888|0.9119 kink 3.051|1.792
[ 25] item024 small_text   iou 0.8889|0.9138 kink 6.372|1.341
[ 26] item025 small_text   iou 0.891|0.9397 kink 7.874|4.228
[ 27] item026 logos        iou 0.937|0.936 kink 2.953|1.009
[ 28] item027 logos        iou 0.8262|0.8857 kink 3.508|3.474
[ 29] item028 logos        iou 0.9726|0.9451 kink 0.202|0.142
[ 30] item029 logos        iou 0.8577|0.9408 kink 1.555|0.902
[ 31] item030 logos        iou 0.9699|0.9461 kink 0.912|0.978
[ 32] item031 logos        iou 0.8867|0.9162 kink 3.337|1.47
[ 33] item032 logos        iou 0.95|0.9253 kink 1.866|1.127
[ 34] item033 logos        iou 0.8347|0.8921 kink 4.1|2.843
[ 35] item034 logos        iou 0.9591|0.9657 kink 1.095|0.424
[ 36] item035 logos        iou 0.8473|0.8836 kink 1.127|2.491
[ 37] item036 logos        iou 0.953|0.9748 kink 1.111|0.953
[ 38] item037 logos        iou 0.9193|0.9302 kink 3.928|1.715
[ 39] item038 logos        iou 0.9589|0.9674 kink 0.857|0.322
[ 40] item039 logos        iou 0.8328|0.9532 kink 7.14|0.539
[ 41] item040 logos        iou 0.9406|0.9795 kink 1.085|0.638
[ 42] item041 logos        iou 0.8541|0.8465 kink 3.938|0.832
[ 43] item042 logos        iou 0.9657|0.791 kink 1.661|0.224
[ 44] item043 logos        iou 0.7485|0.8076 kink 8.956|0.829
[ 45] item044 logos        iou 0.974|0.9182 kink 0.424|0.425
[ 46] item045 logos        iou 0.9147|0.8991 kink 4.09|0.547
[ 47] item046 ui_icons     iou 0.9444|0.8632 kink 1.266|1.206
[ 48] item047 ui_icons     iou 0.9357|0.8682 kink 1.324|1.054
[ 49] item048 ui_icons     iou 0.8764|0.5722 kink 3.894|3.714
[ 50] item049 ui_icons     iou 0.7863|0.5863 kink 2.822|3.426
[ 51] item050 ui_icons     iou 0.9309|0.9465 kink 2.45|2.841
[ 52] item051 ui_icons     iou 0.9015|0.9512 kink 6.895|1.313
[ 53] item052 ui_icons     iou 0.9221|0.8886 kink 5.947|1.791
[ 54] item053 ui_icons     iou 0.8754|0.8171 kink 5.982|2.585
[ 55] item054 ui_icons     iou 0.8739|0.8797 kink 7.391|3.375
[ 56] item055 ui_icons     iou 0.8183|0.8498 kink 8.426|3.227
[ 57] item056 ui_icons     iou 0.9843|0.9759 kink 0.755|0.368
[ 58] item057 ui_icons     iou 0.9742|0.9803 kink 7.593|0.737
[ 59] item058 gradients    iou 0.9918|0.9925 kink 4.942|1.902
[ 60] item059 gradients    iou 0.9921|0.9773 kink 9.118|1.196
[ 61] item060 gradients    iou 0.941|0.9164 kink 4.355|0.672
[ 62] item061 gradients    iou 0.8416|0.8901 kink 4.79|1.892
[ 63] item062 gradients    iou 0.9505|0.9736 kink 0.936|0.0
[ 64] item063 gradients    iou 0.9589|0.928 kink 2.877|0.479
[ 65] item064 gradients    iou 0.9442|0.9303 kink 3.42|3.006
[ 66] item065 gradients    iou 0.9757|0.8891 kink 3.971|0.31
[ 67] item066 gradients    iou 0.9352|0.8892 kink 4.979|1.293
[ 68] item067 gradients    iou 0.9438|0.945 kink 6.136|0.714
[ 69] item068 gradients    iou 0.9088|0.8981 kink 7.947|1.427
[ 70] item069 gradients    iou 0.9796|0.9709 kink 3.987|0.354
[ 71] item070 gradients    iou 0.9503|0.9667 kink 3.47|0.926
[ 72] item071 transparency iou 0.964|0.9182 kink 4.498|0.39
[ 73] item072 transparency iou 0.9607|0.865 kink 0.877|0.63
[ 74] item073 transparency iou 0.963|0.9323 kink 1.229|1.317
[ 75] item074 transparency iou 0.961|0.91 kink 0.767|0.355
[ 76] item075 jpeg_dirty   iou 0.9503|0.9803 kink 8.591|1.256
[ 77] item076 jpeg_dirty   iou 0.8039|0.8843 kink 5.624|2.368
[ 78] item077 jpeg_dirty   iou 0.8262|0.8867 kink 3.508|2.971
[ 79] item078 jpeg_dirty   iou 0.9105|0.9342 kink 5.947|0.822
[ 80] item079 jpeg_dirty   iou 0.903|0.8916 kink 9.114|1.897
[ 81] item080 jpeg_dirty   iou 0.9041|0.8616 kink 2.911|0.714
[ 82] item081 jpeg_dirty   iou 0.886|0.8696 kink 2.039|0.335
[ 83] item082 jpeg_dirty   iou 0.9465|0.9737 kink 1.004|1.123
[ 84] item083 jpeg_dirty   iou 0.8577|0.9231 kink 1.555|0.719
[ 85] item084 jpeg_dirty   iou 0.9319|0.9169 kink 3.25|0.526
[ 86] item085 diagrams     iou 0.9928|0.9866 kink 0.201|4.938
[ 87] item086 diagrams     iou 0.9898|0.9743 kink 1.619|4.163
[ 88] item087 diagrams     iou 0.9917|0.9936 kink 0.0|0.2
[ 89] item088 diagrams     iou 0.9755|0.9843 kink 0.0|0.268
[ 90] item089 diagrams     iou 0.9991|0.9837 kink 0.0|0.0
[ 91] item090 diagrams     iou 0.9953|0.9712 kink 0.521|0.524
[ 92] item091 diagrams     iou 0.994|0.9936 kink 1.885|0.115
[ 93] item092 diagrams     iou 0.9756|0.9868 kink 3.32|0.116
[ 94] item093 diagrams     iou 0.9879|0.8172 kink 1.051|0.0
[ 95] item094 diagrams     iou 0.9974|0.816 kink 1.205|0.0
[ 96] item095 diagrams     iou 0.9992|0.9916 kink 0.0|0.0
[ 97] item096 diagrams     iou 0.9363|0.9807 kink 0.0|1.166
[ 98] item097 diagrams     iou 0.8978|0.9699 kink 0.566|2.593
[ 99] item098 diagrams     iou 0.9374|0.9572 kink 1.758|1.772
[100] item099 diagrams     iou 0.9453|0.9818 kink 1.242|0.416
[101] item100 diagrams     iou 0.8501|0.3256 kink 1.511|1.028
[102] item101 diagrams     iou 0.6878|0.2887 kink 1.051|0.035
[103] item102 diagrams     iou 0.9038|0.3267 kink 1.092|0.052
[104] item103 diagrams     iou 0.8647|0.6333 kink 1.378|5.939
[105] item104 diagrams     iou 0.7773|0.7836 kink 1.317|2.319
[106] item105 diagrams     iou 0.747|0.4573 kink 0.808|0.23
[107] item106 diagrams     iou 0.7978|0.6822 kink 1.4|0.202
[108] item107 diagrams     iou 0.8784|0.4697 kink 2.016|0.089
[109] item108 diagrams     iou 0.9721|0.4834 kink 1.353|0.03
[110] item109 diagrams     iou 0.9116|0.5485 kink 0.616|0.868
[111] item110 diagrams     iou 0.9162|0.5218 kink 1.012|0.532
[112] item111 diagrams     iou 0.7401|0.3851 kink 0.437|0.096
[113] item112 diagrams     iou 0.9107|0.3756 kink 2.864|0.426
[114] item113 diagrams     iou 0.914|0.4258 kink 2.521|0.112
[115] item114 diagrams     iou 0.9488|0.3456 kink 1.322|0.018

=== OVERALL (wins; med ours|vai; p95 ours|vai) ===
  staircase_runs     0+112t/115  med 0.0 | 0.0  p95 0.0 | 0.0
  seam_px             3+97t/115  med 0.0 | 0.0  p95 3.809 | 0.0
  wobble             48+12t/115  med 0.059 | 0.0355  p95 115.5859 | 94.6684
  g2_steps           103+1t/115  med 0.117 | 1.1526  p95 0.4644 | 2.9459
  kinks_per_100px     18+9t/115  med 2.016 | 0.829  p95 7.9959 | 3.8487
  micro_segs         84+14t/115  med 3.0 | 33.0  p95 58.9 | 219.8
  roundness            17+0t/59  med 0.0104 | 0.0019  p95 0.0218 | 0.0306
  ink_iou             69+1t/115  med 0.9363 | 0.9143  p95 0.9979 | 0.9867
  ssim                77+0t/115  med 0.9497 | 0.9101  p95 0.9967 | 0.9891
  mae                 98+0t/115  med 4.14 | 9.76  p95 13.222 | 41.17
  boundary_f         24+41t/115  med 0.9971 | 0.9993  p95 1.0 | 1.0
  hausdorff95        26+63t/115  med 0.95 | 0.95  p95 11.346 | 3.116
report -> C:\Users\nirrt\Toolset\v-ice pictures\challenge_pack\eval\report.json
