res 32 fold ['axe', 'fighter']: done
res 32 fold ['mailbox', 'headphone2']: done
res 32 fold ['ringbell', 'lamp']: done
res 32 fold ['castle', 'bow']: done
res 32 fold ['plane', 'key']: done
res 32 fold ['pin', 'lamp']: done
res 32 fold ['dress2', 'lipstick']: done
res 32 fold ['dumbbell', 'enterprise']: done
res 32 fold ['fragile', 'whale']: done
res 32 fold ['guitar2', 'zeppelin']: done
res 64 fold ['axe', 'fighter']: done
res 64 fold ['mailbox', 'headphone2']: done
res 64 fold ['ringbell', 'lamp']: done
res 64 fold ['castle', 'bow']: done
res 64 fold ['plane', 'key']: done
res 64 fold ['pin', 'lamp']: done
res 64 fold ['dress2', 'lipstick']: done
res 64 fold ['dumbbell', 'enterprise']: done
res 64 fold ['fragile', 'whale']: done
res 64 fold ['guitar2', 'zeppelin']: done
res 128 fold ['axe', 'fighter']: done
res 128 fold ['mailbox', 'headphone2']: done
res 128 fold ['ringbell', 'lamp']: done
res 128 fold ['castle', 'bow']: done
res 128 fold ['plane', 'key']: done
res 128 fold ['pin', 'lamp']: done
res 128 fold ['dress2', 'lipstick']: done
res 128 fold ['dumbbell', 'enterprise']: done
res 128 fold ['fragile', 'whale']: done
res 128 fold ['guitar2', 'zeppelin']: done
[
 {
  "res": 32,
  "pairs": 35,
  "F1_at_0.125": 0.579,
  "R_at_0.125": 0.9608,
  "best_th": 0.25,
  "best_F1": 0.7713,
  "best_P": 0.7107,
  "best_R": 0.8431,
  "paper_F1": 0.871,
  "secs": 334.1
 },
 {
  "res": 64,
  "pairs": 35,
  "F1_at_0.125": 0.6814,
  "R_at_0.125": 0.95,
  "best_th": 0.3,
  "best_F1": 0.8253,
  "best_P": 0.8238,
  "best_R": 0.8269,
  "paper_F1": 0.877,
  "secs": 386.9
 },
 {
  "res": 128,
  "pairs": 34,
  "F1_at_0.125": 0.703,
  "R_at_0.125": 0.944,
  "best_th": 0.4,
  "best_F1": 0.8591,
  "best_P": 0.9087,
  "best_R": 0.8147,
  "paper_F1": 0.901,
  "secs": 1155.8
 }
]
