[  1/50] egtdigitalgames_512          stair 0|0  seam 0.0|0.0  wob 0.0005|0.0017  iou 0.9966|0.9982  fb 1  90.9s
[  2/50] icon_group_4_62              stair 0|0  seam 0.0|5.88  wob 0.9713|67.8036  iou 0.8517|0.9408  fb 1  22.6s
[  3/50] icon_group_4_54              stair 0|0  seam 0.0|0.0  wob 0.2214|331.663  iou 0.9206|0.9528  fb 1  18.0s
[  4/50] icon_group_4_75              stair 0|0  seam 0.0|0.0  wob 0.6382|1.4912  iou 0.9264|0.9794  fb 0  12.3s
[  5/50] icon_group_4_20              stair 2|0  seam 16.56|0.0  wob 1.7251|2905.9281  iou 0.8505|0.885  fb 0  10.7s
[  6/50] icon_group_4_7               stair 1|0  seam 58.5|0.0  wob 7121.231|11.48  iou 0.9634|0.993  fb 0  17.2s
[  7/50] icon_group_4_55              stair 0|0  seam 0.0|0.0  wob 0.637|600.8219  iou 0.8075|0.8341  fb 0  9.9s
[  8/50] icon_group_4_2               stair 0|0  seam 0.56|0.0  wob 0.7345|2521.5485  iou 0.6405|0.9208  fb 0  47.9s
[  9/50] eyecon_512                   stair 0|0  seam 0.0|0.0  wob 0.0001|0.0093  iou 0.9698|0.9905  fb 0  146.4s
[ 10/50] icon_group_3_10              stair 0|0  seam 0.0|0.0  wob 0.1183|0.2823  iou 0.9094|0.9598  fb 0  31.0s
[ 11/50] your_logo                    stair 0|0  seam 0.0|0.0  wob 0.2379|4.2762  iou 0.9295|0.9729  fb 0  57.1s
[ 12/50] icon_group_4_66              stair 2|0  seam 25.12|0.0  wob 114.0354|6.2316  iou 0.976|1.0  fb 0  10.5s
[ 13/50] icon_group_4_44              stair 0|0  seam 0.0|0.0  wob 1.4292|1.9067  iou 0.8708|0.9606  fb 0  18.1s
[ 14/50] icon_group_4_58              stair 0|0  seam 0.0|0.0  wob 1.2972|0.1478  iou 0.9894|1.0  fb 0  22.6s
[ 15/50] icon_group_4_63              stair 0|0  seam 0.0|0.0  wob 0.3692|0.0924  iou 0.9458|0.9814  fb 0  16.0s
[ 16/50] icon_group_5                 stair 0|0  seam 0.0|0.0  wob 1.1163|0.1075  iou 0.9542|0.9824  fb 0  73.0s
[ 17/50] icon_group_4_17              stair 2|0  seam 83.62|0.0  wob 5.1991|318.4066  iou 0.9336|0.9621  fb 0  17.6s
[ 18/50] icon_group_4_16              stair 3|0  seam 30.62|0.0  wob 1.1102|8.0275  iou 0.9517|0.9746  fb 0  9.0s
[ 19/50] icon_group_4_73              stair 0|0  seam 5.0|0.0  wob 308.3005|5.3223  iou 0.8421|0.9101  fb 0  10.4s
[ 20/50] icon_group_4_24              stair 0|0  seam 0.0|0.0  wob 7.3953|193.5646  iou 0.8894|0.9697  fb 0  35.9s
[ 21/50] icon_group_4_77              stair 0|0  seam 0.0|0.0  wob 0.2367|0.5108  iou 0.8531|0.956  fb 1  12.2s
[ 22/50] icon_group_7                 stair 0|0  seam 0.0|0.0  wob 0.0651|2.074  iou 0.9474|0.942  fb 0  76.0s
[ 23/50] icon_group_4_33              stair 1|0  seam 0.0|0.0  wob 4250.5293|2.5276  iou 0.8835|0.9476  fb 0  56.3s
[ 24/50] plankgaming_512              stair 0|0  seam 0.0|0.0  wob 0.0295|0.1046  iou 0.9821|0.9977  fb 0  108.0s
[ 25/50] betsoft_512                  stair 0|0  seam 0.0|0.0  wob 0.5957|0.0002  iou 0.9831|0.9966  fb 0  233.9s
[ 26/50] icon_group_4_18              stair 0|0  seam 1.38|0.0  wob 0.2373|22.1028  iou 0.7737|0.7982  fb 0  25.9s
[ 27/50] icon_group_4_22              stair 0|0  seam 0.0|0.0  wob 0.2779|9.821  iou 0.7087|0.818  fb 2  17.0s
[ 28/50] icon_group_4_65              stair 0|0  seam 1.0|3.0  wob 1853.0437|210.0466  iou 0.9133|0.9601  fb 0  8.5s
[ 29/50] SYNTH_SHEET                  stair 0|0  seam 0.0|0.0  wob 0.0|0.4008  iou 0.9941|0.9996  fb 0  286.0s
[ 30/50] icon_group_3_2               stair 0|0  seam 0.0|0.0  wob 0.1049|0.7987  iou 0.9037|0.8964  fb 0  40.2s
[ 31/50] icon_group_1                 stair 0|0  seam 0.0|0.0  wob 0.0808|0.3903  iou 0.9903|0.9931  fb 0  113.4s
[ 32/50] icon_group_6                 stair 0|0  seam 1.69|0.0  wob 22.9446|5.9063  iou 0.9156|0.9681  fb 0  107.6s
[ 33/50] icon_group_4_47              stair 1|0  seam 0.0|0.0  wob 1578.4129|84.804  iou 0.9242|0.9126  fb 0  6.1s
[ 34/50] red7slots_512                stair 0|0  seam 0.0|0.0  wob 0.0002|0.0016  iou 0.9712|0.9965  fb 0  136.4s
[ 35/50] icon_group_4_13              stair 0|0  seam 4.88|0.0  wob 2.9556|1760.3192  iou 0.8887|0.8855  fb 0  16.8s
[ 36/50] icon_group_2_1               stair 0|0  seam 0.0|0.0  wob 7.1729|0.0401  iou 0.9552|0.9641  fb 0  197.5s
[ 37/50] icon_group_4                 stair 0|0  seam 0.0|0.0  wob 0.0602|0.1326  iou 0.972|0.9863  fb 0  93.6s
[ 38/50] icon_group_4_50              stair 0|0  seam 0.0|0.0  wob 0.8883|46.9086  iou 0.873|0.9314  fb 0  25.8s
[ 39/50] icon_group_4_41              stair 4|0  seam 0.0|0.0  wob 23.2666|33691.432  iou 0.6709|0.8114  fb 1  28.3s
[ 40/50] icon_group_4_4               stair 2|0  seam 0.62|1.75  wob 3.2019|4522.4309  iou 0.6335|0.6965  fb 0  17.6s
[ 41/50] icon_group_4_52              stair 0|0  seam 0.0|0.0  wob 464.9294|4.2641  iou 0.8406|0.8732  fb 0  29.6s
[ 42/50] icon_group_4_61              stair 0|0  seam 2.31|4.56  wob 1.9858|832.1504  iou 0.6717|0.8789  fb 0  9.8s
[ 43/50] icon_group_4_34              stair 0|0  seam 0.0|0.0  wob 2.9946|169.4079  iou 0.6652|0.9088  fb 0  31.9s
[ 44/50] icon_group_2_5               stair 0|0  seam 0.0|0.0  wob 0.0|0.0154  iou 0.9836|0.9923  fb 0  47.1s
[ 45/50] icon_group_4_78              stair 0|0  seam 0.0|0.0  wob 0.561|0.8637  iou 0.9097|0.9739  fb 0  17.1s
[ 46/50] platipus_512                 stair 0|0  seam 0.0|0.0  wob 0.1759|0.0002  iou 0.9998|0.9999  fb 0  76.1s
[ 47/50] icon_group_3_3               stair 0|0  seam 8.0|0.0  wob 1.4797|3.3893  iou 0.8279|0.9085  fb 0  23.6s
[ 48/50] icon_group_4_1               stair 0|0  seam 4.25|0.0  wob 7.5684|14377.8476  iou 0.8497|0.963  fb 0  33.2s
[ 49/50] icon_group_4_70              stair 1|0  seam 14.81|0.0  wob 108.9806|31.5331  iou 0.9653|0.9813  fb 0  8.8s
[ 50/50] icon_group                   stair 2|0  seam 1.38|0.0  wob 0.0325|6.2385  iou 0.9579|0.9904  fb 8  318.9s

=== OURS vs VAI (wins+ties/total; median ours|vai; mean ours|vai) ===
  staircase_runs       0+39t/50   med 0.0 | 0.0   mean 0.42 | 0.0
  seam_px              4+32t/50   med 0.0 | 0.0   mean 5.206 | 0.3038
  wobble               35+0t/50   med 0.9298 | 4.7993   mean 317.9916 | 1255.3115
  g2_steps             50+0t/50   med 0.1893 | 1.3401   mean 0.2613 | 1.365
  kinks_per_100px       8+0t/50   med 4.7255 | 3.005   mean 5.0766 | 3.5003
  micro_segs           42+0t/50   med 51.5 | 122.5   mean 83.38 | 199.88
  roundness            18+0t/31   med 0.016 | 0.0163   mean 0.016 | 0.0163
  ink_iou               4+0t/50   med 0.9181 | 0.9626   mean 0.8906 | 0.9419
  ssim                  1+0t/50   med 0.9057 | 0.965   mean 0.8964 | 0.9567
  mae                   2+0t/50   med 7.905 | 5.145   mean 7.9728 | 5.303
  boundary_f            1+7t/50   med 0.9945 | 1.0   mean 0.9838 | 0.9966
  hausdorff95          1+21t/50   med 0.95 | 0.95   mean 1.5798 | 0.5892

Snapshot -> C:\Users\nirrt\Toolset\v-ice part\benchmarks\vai_snapshot.json
