[  1/50] egtdigitalgames_512          stair 0|0  seam 0.0|0.0  wob 0.0005|0.0017  iou 0.9966|0.9982  fb 1  71.4s
[  2/50] icon_group_4_62              stair 0|0  seam 0.0|5.88  wob 1.3555|67.8036  iou 0.8552|0.9408  fb 0  18.0s
[  3/50] icon_group_4_54              stair 0|0  seam 0.0|0.0  wob 0.0047|331.663  iou 0.9073|0.9528  fb 0  16.5s
[  4/50] icon_group_4_75              stair 0|0  seam 0.0|0.0  wob 0.9686|1.4912  iou 0.9205|0.9794  fb 0  10.9s
[  5/50] icon_group_4_20              stair 1|0  seam 34.62|0.0  wob 1559.2817|2905.9281  iou 0.869|0.885  fb 0  9.8s
[  6/50] icon_group_4_7               stair 0|0  seam 64.62|0.0  wob 365.5389|11.48  iou 0.9674|0.993  fb 0  14.0s
[  7/50] icon_group_4_55              stair 0|0  seam 0.0|0.0  wob 0.6125|600.8219  iou 0.8103|0.8341  fb 0  8.3s
[  8/50] icon_group_4_2               stair 0|0  seam 0.0|0.0  wob 1.3737|2521.5485  iou 0.6369|0.9208  fb 0  26.6s
[  9/50] eyecon_512                   stair 0|0  seam 0.0|0.0  wob 0.0001|0.0093  iou 0.9698|0.9905  fb 0  119.0s
[ 10/50] icon_group_3_10              stair 0|0  seam 0.0|0.0  wob 0.1234|0.2823  iou 0.9026|0.9598  fb 0  22.7s
[ 11/50] your_logo                    stair 0|0  seam 0.0|0.0  wob 0.2284|4.2762  iou 0.9243|0.9729  fb 0  40.8s
[ 12/50] icon_group_4_66              stair 2|0  seam 38.56|0.0  wob 48.516|6.2316  iou 0.972|1.0  fb 0  6.7s
[ 13/50] icon_group_4_44              stair 0|0  seam 0.0|0.0  wob 1.4909|1.9067  iou 0.8727|0.9606  fb 0  13.4s
[ 14/50] icon_group_4_58              stair 0|0  seam 0.0|0.0  wob 44.1626|0.1478  iou 0.9984|1.0  fb 0  20.1s
[ 15/50] icon_group_4_63              stair 0|0  seam 0.0|0.0  wob 0.3695|0.0924  iou 0.9449|0.9814  fb 0  15.4s
[ 16/50] icon_group_5                 stair 0|0  seam 0.0|0.0  wob 1.1163|0.1075  iou 0.9542|0.9824  fb 0  57.3s
[ 17/50] icon_group_4_17              stair 3|0  seam 76.56|0.0  wob 2.8779|318.4066  iou 0.9331|0.9621  fb 0  12.5s
[ 18/50] icon_group_4_16              stair 3|0  seam 14.0|0.0  wob 0.9246|8.0275  iou 0.9523|0.9746  fb 0  7.2s
[ 19/50] icon_group_4_73              stair 0|0  seam 3.5|0.0  wob 352.1814|5.3223  iou 0.8321|0.9101  fb 0  6.3s
[ 20/50] icon_group_4_24              stair 1|0  seam 0.0|0.0  wob 50.2603|193.5646  iou 0.9179|0.9697  fb 0  27.0s
[ 21/50] icon_group_4_77              stair 0|0  seam 0.0|0.0  wob 0.2366|0.5108  iou 0.8549|0.956  fb 1  8.7s
[ 22/50] icon_group_7                 stair 0|0  seam 0.0|0.0  wob 0.0651|2.074  iou 0.9461|0.942  fb 0  63.8s
[ 23/50] icon_group_4_33              stair 0|0  seam 3.12|0.0  wob 82.8131|2.5276  iou 0.8692|0.9476  fb 0  43.9s
[ 24/50] plankgaming_512              stair 0|0  seam 0.0|0.0  wob 0.0295|0.1046  iou 0.9821|0.9977  fb 0  84.6s
[ 25/50] betsoft_512                  stair 0|0  seam 0.0|0.0  wob 0.609|0.0002  iou 0.9829|0.9966  fb 0  190.6s
[ 26/50] icon_group_4_18              stair 0|0  seam 1.38|0.0  wob 0.2272|22.1028  iou 0.7529|0.7982  fb 0  20.7s
[ 27/50] icon_group_4_22              stair 0|0  seam 0.0|0.0  wob 0.3277|9.821  iou 0.696|0.818  fb 2  10.9s
[ 28/50] icon_group_4_65              stair 0|0  seam 1.88|3.0  wob 0.991|210.0466  iou 0.8899|0.9601  fb 0  5.3s
[ 29/50] SYNTH_SHEET                  stair 0|0  seam 0.0|0.0  wob 0.0|0.4008  iou 0.994|0.9996  fb 0  191.5s
[ 30/50] icon_group_3_2               stair 0|0  seam 0.0|0.0  wob 0.1114|0.7987  iou 0.9054|0.8964  fb 0  34.4s
[ 31/50] icon_group_1                 stair 0|0  seam 0.0|0.0  wob 0.0797|0.3903  iou 0.9903|0.9931  fb 0  99.9s
[ 32/50] icon_group_6                 stair 0|0  seam 7.38|0.0  wob 22.9489|5.9063  iou 0.912|0.9681  fb 0  85.1s
[ 33/50] icon_group_4_47              stair 2|0  seam 1.19|0.0  wob 18.6398|84.804  iou 0.9157|0.9126  fb 0  4.4s
[ 34/50] red7slots_512                stair 0|0  seam 0.0|0.0  wob 0.0002|0.0016  iou 0.9709|0.9965  fb 0  102.6s
[ 35/50] icon_group_4_13              stair 0|0  seam 0.0|0.0  wob 3.6383|1760.3192  iou 0.8941|0.8855  fb 0  13.9s
[ 36/50] icon_group_2_1               stair 0|0  seam 0.0|0.0  wob 16.8774|0.0401  iou 0.9543|0.9641  fb 0  138.6s
[ 37/50] icon_group_4                 stair 0|0  seam 0.0|0.0  wob 0.0602|0.1326  iou 0.9712|0.9863  fb 0  78.5s
[ 38/50] icon_group_4_50              stair 0|0  seam 0.0|0.0  wob 58604.8719|46.9086  iou 0.8281|0.9314  fb 0  18.8s
[ 39/50] icon_group_4_41              stair 4|0  seam 0.0|0.0  wob 28.6667|33691.432  iou 0.6871|0.8114  fb 1  18.8s
[ 40/50] icon_group_4_4               stair 2|0  seam 0.0|1.75  wob 3.6863|4522.4309  iou 0.6258|0.6965  fb 0  8.1s
[ 41/50] icon_group_4_52              stair 0|0  seam 0.0|0.0  wob 1679.9541|4.2641  iou 0.8446|0.8732  fb 0  12.3s
[ 42/50] icon_group_4_61              stair 1|0  seam 2.62|4.56  wob 2.1382|832.1504  iou 0.6626|0.8789  fb 0  3.4s
[ 43/50] icon_group_4_34              stair 0|0  seam 0.0|0.0  wob 1.2617|169.4079  iou 0.6636|0.9088  fb 0  23.3s
[ 44/50] icon_group_2_5               stair 0|0  seam 0.0|0.0  wob 0.0|0.0154  iou 0.9836|0.9923  fb 0  42.8s
[ 45/50] icon_group_4_78              stair 0|0  seam 0.0|0.0  wob 0.6672|0.8637  iou 0.9109|0.9739  fb 0  11.8s
[ 46/50] platipus_512                 stair 0|0  seam 0.0|0.0  wob 11.3193|0.0002  iou 0.9999|0.9999  fb 0  53.2s
[ 47/50] icon_group_3_3               stair 0|0  seam 5.94|0.0  wob 1.1729|3.3893  iou 0.8333|0.9085  fb 0  16.9s
[ 48/50] icon_group_4_1               stair 0|0  seam 7.56|0.0  wob 9.3319|14377.8476  iou 0.8518|0.963  fb 0  21.7s
[ 49/50] icon_group_4_70              stair 3|0  seam 9.94|0.0  wob 1728.7265|31.5331  iou 0.9726|0.9813  fb 0  6.2s
[ 50/50] icon_group                   stair 2|0  seam 1.06|0.0  wob 0.0336|6.2385  iou 0.9591|0.9904  fb 9  249.6s

=== OURS vs VAI (wins+ties/total; median ours|vai; mean ours|vai) ===
  staircase_runs       0+39t/50   med 0.0 | 0.0   mean 0.48 | 0.0
  seam_px              4+32t/50   med 0.0 | 0.0   mean 5.4786 | 0.3038
  wobble               36+0t/50   med 1.1446 | 4.7993   mean 1293.0175 | 1255.3115
  g2_steps             50+0t/50   med 0.1888 | 1.3401   mean 0.2653 | 1.365
  kinks_per_100px       9+0t/50   med 4.6655 | 3.005   mean 5.4194 | 3.5003
  micro_segs           42+1t/50   med 47.0 | 122.5   mean 90.28 | 199.88
  roundness            17+0t/31   med 0.0152 | 0.0163   mean 0.0155 | 0.0163
  ink_iou               4+1t/50   med 0.9139 | 0.9626   mean 0.8888 | 0.9419
  ssim                  1+0t/50   med 0.8906 | 0.965   mean 0.895 | 0.9567
  mae                   2+0t/50   med 7.785 | 5.145   mean 8.0818 | 5.303

Snapshot -> C:\Users\nirrt\Toolset\v-ice part\benchmarks\vai_snapshot.json
