[  1/50] egtdigitalgames_512          stair 0|0  seam 0.0|0.0  wob 0.0005|0.0017  iou 0.9966|0.9982  fb 1  94.2s
[  2/50] icon_group_4_62              stair 0|0  seam 0.0|5.88  wob 1.3555|67.8036  iou 0.8552|0.9408  fb 0  21.2s
[  3/50] icon_group_4_54              stair 0|0  seam 0.0|0.0  wob 0.0047|331.663  iou 0.9073|0.9528  fb 0  20.6s
[  4/50] icon_group_4_75              stair 0|0  seam 0.0|0.0  wob 0.9686|1.4912  iou 0.9205|0.9794  fb 0  13.5s
[  5/50] icon_group_4_20              stair 1|0  seam 23.38|0.0  wob 1799.4529|2905.9281  iou 0.8613|0.885  fb 0  11.7s
[  6/50] icon_group_4_7               stair 0|0  seam 50.56|0.0  wob 393.7861|11.48  iou 0.9669|0.993  fb 0  17.0s
[  7/50] icon_group_4_55              stair 0|0  seam 0.0|0.0  wob 0.6125|600.8219  iou 0.8103|0.8341  fb 0  10.1s
[  8/50] icon_group_4_2               stair 0|0  seam 0.0|0.0  wob 1.1281|2521.5485  iou 0.6409|0.9208  fb 0  42.9s
[  9/50] eyecon_512                   stair 0|0  seam 0.0|0.0  wob 0.0001|0.0093  iou 0.9698|0.9905  fb 0  145.0s
[ 10/50] icon_group_3_10              stair 0|0  seam 0.0|0.0  wob 0.1234|0.2823  iou 0.9026|0.9598  fb 0  29.1s
[ 11/50] your_logo                    stair 0|0  seam 0.0|0.0  wob 0.2284|4.2762  iou 0.9243|0.9729  fb 0  59.3s
[ 12/50] icon_group_4_66              stair 2|0  seam 37.19|0.0  wob 18156.7727|6.2316  iou 0.9768|1.0  fb 0  9.7s
[ 13/50] icon_group_4_44              stair 0|0  seam 0.0|0.0  wob 1.4909|1.9067  iou 0.8727|0.9606  fb 0  18.0s
[ 14/50] icon_group_4_58              stair 0|0  seam 0.0|0.0  wob 44.1626|0.1478  iou 0.9984|1.0  fb 0  23.8s
[ 15/50] icon_group_4_63              stair 0|0  seam 0.0|0.0  wob 0.3695|0.0924  iou 0.9449|0.9814  fb 0  15.8s
[ 16/50] icon_group_5                 stair 0|0  seam 0.0|0.0  wob 1.1163|0.1075  iou 0.9542|0.9824  fb 0  73.1s
[ 17/50] icon_group_4_17              stair 2|0  seam 86.06|0.0  wob 3.4503|318.4066  iou 0.9355|0.9621  fb 0  18.9s
[ 18/50] icon_group_4_16              stair 3|0  seam 12.81|0.0  wob 0.8688|8.0275  iou 0.9502|0.9746  fb 0  10.1s
[ 19/50] icon_group_4_73              stair 0|0  seam 6.69|0.0  wob 298.9779|5.3223  iou 0.8347|0.9101  fb 0  11.1s
[ 20/50] icon_group_4_24              stair 0|0  seam 0.0|0.0  wob 32.3256|193.5646  iou 0.9171|0.9697  fb 0  34.9s
[ 21/50] icon_group_4_77              stair 0|0  seam 0.0|0.0  wob 0.2366|0.5108  iou 0.8549|0.956  fb 1  11.6s
[ 22/50] icon_group_7                 stair 0|0  seam 0.0|0.0  wob 0.0651|2.074  iou 0.9461|0.942  fb 0  76.8s
[ 23/50] icon_group_4_33              stair 0|0  seam 3.12|0.0  wob 98.4004|2.5276  iou 0.8701|0.9476  fb 0  61.0s
[ 24/50] plankgaming_512              stair 0|0  seam 0.0|0.0  wob 0.0295|0.1046  iou 0.9821|0.9977  fb 0  105.7s
[ 25/50] betsoft_512                  stair 0|0  seam 0.0|0.0  wob 0.609|0.0002  iou 0.9829|0.9966  fb 0  253.6s
[ 26/50] icon_group_4_18              stair 0|0  seam 1.38|0.0  wob 0.2272|22.1028  iou 0.7529|0.7982  fb 0  26.4s
[ 27/50] icon_group_4_22              stair 0|0  seam 0.0|0.0  wob 0.3277|9.821  iou 0.696|0.818  fb 2  14.7s
[ 28/50] icon_group_4_65              stair 0|0  seam 1.94|3.0  wob 7.5344|210.0466  iou 0.8918|0.9601  fb 0  7.9s
[ 29/50] SYNTH_SHEET                  stair 0|0  seam 0.0|0.0  wob 0.0|0.4008  iou 0.994|0.9996  fb 0  245.4s
[ 30/50] icon_group_3_2               stair 0|0  seam 0.0|0.0  wob 0.1114|0.7987  iou 0.9054|0.8964  fb 0  42.1s
[ 31/50] icon_group_1                 stair 0|0  seam 0.0|0.0  wob 0.0797|0.3903  iou 0.9903|0.9931  fb 0  134.7s
[ 32/50] icon_group_6                 stair 0|0  seam 7.38|0.0  wob 22.9489|5.9063  iou 0.912|0.9681  fb 0  111.9s
[ 33/50] icon_group_4_47              stair 0|0  seam 0.56|0.0  wob 163.3575|84.804  iou 0.9104|0.9126  fb 0  6.4s
[ 34/50] red7slots_512                stair 0|0  seam 0.0|0.0  wob 0.0002|0.0016  iou 0.9709|0.9965  fb 0  127.8s
[ 35/50] icon_group_4_13              stair 0|0  seam 0.0|0.0  wob 3.851|1760.3192  iou 0.8951|0.8855  fb 0  17.2s
[ 36/50] icon_group_2_1               stair 0|0  seam 0.0|0.0  wob 16.8774|0.0401  iou 0.9543|0.9641  fb 0  199.4s
[ 37/50] icon_group_4                 stair 0|0  seam 0.0|0.0  wob 0.0602|0.1326  iou 0.9712|0.9863  fb 0  99.2s
[ 38/50] icon_group_4_50              stair 0|0  seam 0.0|0.0  wob 58604.8719|46.9086  iou 0.8281|0.9314  fb 0  26.3s
[ 39/50] icon_group_4_41              stair 4|0  seam 0.0|0.0  wob 28.6667|33691.432  iou 0.6871|0.8114  fb 1  26.8s
[ 40/50] icon_group_4_4               stair 2|0  seam 0.0|1.75  wob 3.6863|4522.4309  iou 0.6258|0.6965  fb 0  17.1s
[ 41/50] icon_group_4_52              stair 0|0  seam 1.69|0.0  wob 51.3596|4.2641  iou 0.8387|0.8732  fb 0  27.9s
[ 42/50] icon_group_4_61              stair 0|0  seam 0.94|4.56  wob 2.0207|832.1504  iou 0.669|0.8789  fb 0  9.6s
[ 43/50] icon_group_4_34              stair 0|0  seam 0.0|0.0  wob 1.2617|169.4079  iou 0.6636|0.9088  fb 0  34.1s
[ 44/50] icon_group_2_5               stair 0|0  seam 0.0|0.0  wob 0.0|0.0154  iou 0.9836|0.9923  fb 0  51.1s
[ 45/50] icon_group_4_78              stair 0|0  seam 0.0|0.0  wob 0.6672|0.8637  iou 0.9109|0.9739  fb 0  15.1s
[ 46/50] platipus_512                 stair 0|0  seam 0.0|0.0  wob 11.3193|0.0002  iou 0.9999|0.9999  fb 0  71.9s
[ 47/50] icon_group_3_3               stair 0|0  seam 0.62|0.0  wob 1.0261|3.3893  iou 0.8253|0.9085  fb 0  22.2s
[ 48/50] icon_group_4_1               stair 0|0  seam 4.94|0.0  wob 9.4696|14377.8476  iou 0.8503|0.963  fb 0  36.2s
[ 49/50] icon_group_4_70              stair 3|0  seam 9.5|0.0  wob 4672.9735|31.5331  iou 0.9726|0.9813  fb 0  9.5s
[ 50/50] icon_group                   stair 2|0  seam 1.06|0.0  wob 0.0336|6.2385  iou 0.9591|0.9904  fb 9  306.6s

=== OURS vs VAI (wins+ties/total; median ours|vai; mean ours|vai) ===
  staircase_runs       0+42t/50   med 0.0 | 0.0   mean 0.38 | 0.0
  seam_px              4+31t/50   med 0.0 | 0.0   mean 4.9964 | 0.3038
  wobble               35+0t/50   med 1.1222 | 4.7993   mean 1688.7854 | 1255.3115
  g2_steps             50+0t/50   med 0.1888 | 1.3401   mean 0.268 | 1.365
  kinks_per_100px       9+0t/50   med 4.605 | 3.005   mean 5.2779 | 3.5003
  micro_segs           42+1t/50   med 51.5 | 122.5   mean 87.34 | 199.88
  roundness            17+0t/31   med 0.0152 | 0.0163   mean 0.016 | 0.0163
  ink_iou               3+1t/50   med 0.9115 | 0.9626   mean 0.8887 | 0.9419
  ssim                  1+0t/50   med 0.8913 | 0.965   mean 0.895 | 0.9567
  mae                   2+0t/50   med 7.775 | 5.145   mean 8.0786 | 5.303
  boundary_f            3+5t/50   med 0.9944 | 1.0   mean 0.9838 | 0.9966
  hausdorff95          1+22t/50   med 0.95 | 0.95   mean 1.5942 | 0.5892

Snapshot -> C:\Users\nirrt\Toolset\v-ice part\benchmarks\vai_snapshot.json
