[  1/50] egtdigitalgames_512          stair 0|0  seam 0.0|0.0  wob 0.0005|0.0017  iou 0.9966|0.9982  fb 1  101.6s
[  2/50] icon_group_4_62              stair 0|0  seam 0.0|5.88  wob 1.3555|67.8036  iou 0.8552|0.9408  fb 0  22.6s
[  3/50] icon_group_4_54              stair 0|0  seam 0.0|0.0  wob 0.0261|331.663  iou 0.8789|0.9528  fb 0  19.3s
[  4/50] icon_group_4_75              stair 0|0  seam 0.0|0.0  wob 16.54|1.4912  iou 0.844|0.9794  fb 1  18.7s
[  5/50] icon_group_4_20              stair 2|0  seam 28.06|0.0  wob 1.5471|2905.9281  iou 0.8551|0.885  fb 0  11.3s
[  6/50] icon_group_4_7               stair 0|0  seam 66.62|0.0  wob 472.3938|11.48  iou 0.9647|0.993  fb 0  17.3s
[  7/50] icon_group_4_55              stair 0|0  seam 0.0|0.0  wob 1.8217|600.8219  iou 0.8405|0.8341  fb 0  9.9s
[  8/50] icon_group_4_2               stair 0|0  seam 9.75|0.0  wob 0.6661|2521.5485  iou 0.7002|0.9208  fb 0  39.6s
[  9/50] eyecon_512                   stair 0|0  seam 0.0|0.0  wob 0.0001|0.0093  iou 0.9698|0.9905  fb 0  159.8s
[ 10/50] icon_group_3_10              stair 0|0  seam 0.0|0.0  wob 203.2317|0.2823  iou 0.8608|0.9598  fb 0  11.3s
[ 11/50] your_logo                    stair 0|0  seam 0.0|0.0  wob 0.3028|4.2762  iou 0.9009|0.9729  fb 0  70.2s
[ 12/50] icon_group_4_66              stair 3|0  seam 33.06|0.0  wob 55957.6508|6.2316  iou 0.9479|1.0  fb 0  9.1s
[ 13/50] icon_group_4_44              stair 0|0  seam 0.0|0.0  wob 1.5987|1.9067  iou 0.8881|0.9606  fb 1  17.6s
[ 14/50] icon_group_4_58              stair 0|0  seam 2.75|0.0  wob 1382.4877|0.1478  iou 0.9984|1.0  fb 0  6.6s
[ 15/50] icon_group_4_63              stair 0|0  seam 0.0|0.0  wob 0.3695|0.0924  iou 0.9449|0.9814  fb 0  16.7s
[ 16/50] icon_group_5                 stair 0|0  seam 0.0|0.0  wob 1.1163|0.1075  iou 0.9542|0.9824  fb 0  74.5s
[ 17/50] icon_group_4_17              stair 0|0  seam 64.75|0.0  wob 6.0139|318.4066  iou 0.9209|0.9621  fb 0  21.5s
[ 18/50] icon_group_4_16              stair 1|0  seam 36.0|0.0  wob 1.5674|8.0275  iou 0.9388|0.9746  fb 0  12.2s
[ 19/50] icon_group_4_73              stair 0|0  seam 0.0|0.0  wob 498.847|5.3223  iou 0.8534|0.9101  fb 0  10.5s
[ 20/50] icon_group_4_24              stair 0|0  seam 14.5|0.0  wob 4373.6939|193.5646  iou 0.9214|0.9697  fb 0  12.4s
[ 21/50] icon_group_4_77              stair 0|0  seam 0.0|0.0  wob 5.0498|0.5108  iou 0.8857|0.956  fb 0  3.8s
[ 22/50] icon_group_7                 stair 0|0  seam 0.0|0.0  wob 0.0651|2.074  iou 0.9461|0.942  fb 0  78.2s
[ 23/50] icon_group_4_33              stair 0|0  seam 17.12|0.0  wob 65.3764|2.5276  iou 0.8303|0.9476  fb 0  25.6s
[ 24/50] plankgaming_512              stair 0|0  seam 0.0|0.0  wob 135.1682|0.1046  iou 0.9783|0.9977  fb 0  94.1s
[ 25/50] betsoft_512                  stair 0|0  seam 0.0|0.0  wob 0.609|0.0002  iou 0.9829|0.9966  fb 0  261.0s
[ 26/50] icon_group_4_18              stair 0|0  seam 1.38|0.0  wob 0.2627|22.1028  iou 0.7663|0.7982  fb 2  18.1s
[ 27/50] icon_group_4_22              stair 0|0  seam 0.0|0.0  wob 0.3277|9.821  iou 0.696|0.818  fb 2  15.1s
[ 28/50] icon_group_4_65              stair 0|0  seam 1.94|3.0  wob 1.0625|210.0466  iou 0.887|0.9601  fb 0  7.6s
[ 29/50] SYNTH_SHEET                  stair 0|0  seam 0.0|0.0  wob 0.0|0.4008  iou 0.994|0.9996  fb 0  313.1s
[ 30/50] icon_group_3_2               stair 0|0  seam 0.0|0.0  wob 0.4792|0.7987  iou 0.8958|0.8964  fb 3  35.7s
[ 31/50] icon_group_1                 stair 0|0  seam 0.0|0.0  wob 0.0797|0.3903  iou 0.9903|0.9931  fb 0  135.3s
[ 32/50] icon_group_6                 stair 0|0  seam 4.62|0.0  wob 22.2546|5.9063  iou 0.9151|0.9681  fb 0  118.5s
[ 33/50] icon_group_4_47              stair 0|0  seam 0.56|0.0  wob 163.3575|84.804  iou 0.9104|0.9126  fb 0  5.7s
[ 34/50] red7slots_512                stair 0|0  seam 0.0|0.0  wob 0.0002|0.0016  iou 0.9709|0.9965  fb 0  139.1s
[ 35/50] icon_group_4_13              stair 0|0  seam 9.19|0.0  wob 138.1627|1760.3192  iou 0.8961|0.8855  fb 0  13.5s
[ 36/50] icon_group_2_1               stair 0|0  seam 0.0|0.0  wob 5.8502|0.0401  iou 0.9613|0.9641  fb 0  207.8s
[ 37/50] icon_group_4                 stair 0|0  seam 0.0|0.0  wob 0.0602|0.1326  iou 0.9712|0.9863  fb 0  92.5s
[ 38/50] icon_group_4_50              stair 0|0  seam 0.0|0.0  wob 426.1884|46.9086  iou 0.8867|0.9314  fb 0  26.0s
[ 39/50] icon_group_4_41              stair 4|0  seam 0.0|0.0  wob 28.6667|33691.432  iou 0.6871|0.8114  fb 1  29.0s
[ 40/50] icon_group_4_4               stair 0|0  seam 0.56|1.75  wob 6.8356|4522.4309  iou 0.6263|0.6965  fb 0  9.7s
[ 41/50] icon_group_4_52              stair 0|0  seam 1.69|0.0  wob 51.3596|4.2641  iou 0.8387|0.8732  fb 0  27.4s
[ 42/50] icon_group_4_61              stair 0|0  seam 0.94|4.56  wob 2.0207|832.1504  iou 0.669|0.8789  fb 0  9.5s
[ 43/50] icon_group_4_34              stair 0|0  seam 0.0|0.0  wob 1.2617|169.4079  iou 0.6642|0.9088  fb 0  31.2s
[ 44/50] icon_group_2_5               stair 0|0  seam 0.0|0.0  wob 0.0|0.0154  iou 0.9836|0.9923  fb 0  49.6s
[ 45/50] icon_group_4_78              stair 0|0  seam 0.0|0.0  wob 0.6672|0.8637  iou 0.9109|0.9739  fb 0  16.3s
[ 46/50] platipus_512                 stair 0|0  seam 0.0|0.0  wob 11.4227|0.0002  iou 0.9999|0.9999  fb 0  86.3s
[ 47/50] icon_group_3_3               stair 0|0  seam 0.62|0.0  wob 1.0261|3.3893  iou 0.8253|0.9085  fb 0  24.2s
[ 48/50] icon_group_4_1               stair 0|0  seam 4.94|0.0  wob 9.4696|14377.8476  iou 0.8503|0.963  fb 0  34.8s
[ 49/50] icon_group_4_70              stair 3|0  seam 9.5|0.0  wob 4672.9735|31.5331  iou 0.9726|0.9813  fb 0  9.1s
[ 50/50] icon_group                   stair 2|0  seam 1.56|0.0  wob 0.0347|6.2385  iou 0.9593|0.9904  fb 9  355.4s

=== OURS vs VAI (wins+ties/total; median ours|vai; mean ours|vai) ===
  staircase_runs       0+44t/50   med 0.0 | 0.0   mean 0.3 | 0.0
  seam_px              4+28t/50   med 0.0 | 0.0   mean 6.2022 | 0.3038
  wobble               30+0t/50   med 1.5831 | 4.7993   mean 1373.4265 | 1255.3115
  g2_steps             50+0t/50   med 0.2034 | 1.3401   mean 0.267 | 1.365
  kinks_per_100px       5+0t/50   med 5.8035 | 3.005   mean 5.8914 | 3.5003
  micro_segs           42+0t/50   med 57.0 | 122.5   mean 98.08 | 199.88
  roundness            17+0t/35   med 0.0155 | 0.0159   mean 0.0161 | 0.0161
  ink_iou               3+1t/50   med 0.9057 | 0.9626   mean 0.8877 | 0.9419
  ssim                  1+0t/50   med 0.9041 | 0.965   mean 0.8941 | 0.9567
  mae                   2+0t/50   med 8.015 | 5.145   mean 8.2036 | 5.303
  boundary_f            3+7t/50   med 0.994 | 1.0   mean 0.986 | 0.9966
  hausdorff95          1+23t/50   med 0.95 | 0.95   mean 1.3262 | 0.5892

Snapshot -> C:\Users\nirrt\Toolset\v-ice part\benchmarks\vai_snapshot.json
