[  1/50] egtdigitalgames_512          stair 0|0  seam 0.0|0.0  wob 0.0005|0.0017  iou 0.9966|0.9982  fb 1  106.8s
[  2/50] icon_group_4_62              stair 0|0  seam 0.0|5.88  wob 1.3456|67.8036  iou 0.8517|0.9408  fb 0  24.5s
[  3/50] icon_group_4_54              stair 0|0  seam 0.0|0.0  wob 0.0047|331.663  iou 0.9022|0.9528  fb 0  20.7s
[  4/50] icon_group_4_75              stair 0|0  seam 0.0|0.0  wob 0.9426|1.4912  iou 0.9551|0.9794  fb 0  16.1s
[  5/50] icon_group_4_20              stair 2|0  seam 23.88|0.0  wob 0.9224|2905.9281  iou 0.8281|0.885  fb 0  9.3s
[  6/50] icon_group_4_7               stair 0|0  seam 83.94|0.0  wob 315.0181|11.48  iou 0.9691|0.993  fb 0  12.9s
[  7/50] icon_group_4_55              stair 0|0  seam 0.0|0.0  wob 0.6805|600.8219  iou 0.8103|0.8341  fb 0  12.4s
[  8/50] icon_group_4_2               stair 0|0  seam 2.88|0.0  wob 1.4014|2521.5485  iou 0.6389|0.9208  fb 0  43.6s
[  9/50] eyecon_512                   stair 0|0  seam 0.0|0.0  wob 0.0001|0.0093  iou 0.9698|0.9905  fb 0  186.1s
[ 10/50] icon_group_3_10              stair 2|0  seam 0.0|0.0  wob 0.0097|0.2823  iou 0.854|0.9598  fb 1  25.4s
[ 11/50] your_logo                    stair 0|0  seam 0.0|0.0  wob 0.2284|4.2762  iou 0.9243|0.9729  fb 0  62.4s
[ 12/50] icon_group_4_66              stair 10|0  seam 36.69|0.0  wob 52.4443|6.2316  iou 0.9507|1.0  fb 0  9.9s
[ 13/50] icon_group_4_44              stair 0|0  seam 0.0|0.0  wob 1.4909|1.9067  iou 0.8727|0.9606  fb 0  19.4s
[ 14/50] icon_group_4_58              stair 0|0  seam 0.0|0.0  wob 1.5467|0.1478  iou 0.9984|1.0  fb 0  27.8s
[ 15/50] icon_group_4_63              stair 0|0  seam 0.0|0.0  wob 0.3695|0.0924  iou 0.9449|0.9814  fb 0  18.5s
[ 16/50] icon_group_5                 stair 1|0  seam 0.0|0.0  wob 0.0|0.1075  iou 0.9442|0.9824  fb 1  29.2s
[ 17/50] icon_group_4_17              stair 7|0  seam 20.5|0.0  wob 0.2152|318.4066  iou 0.9569|0.9621  fb 0  6.3s
[ 18/50] icon_group_4_16              stair 3|0  seam 14.0|0.0  wob 0.9246|8.0275  iou 0.9523|0.9746  fb 0  8.2s
[ 19/50] icon_group_4_73              stair 0|0  seam 3.5|0.0  wob 352.1814|5.3223  iou 0.8321|0.9101  fb 0  8.6s
[ 20/50] icon_group_4_24              stair 1|0  seam 0.0|0.0  wob 50.2603|193.5646  iou 0.9179|0.9697  fb 0  37.3s
[ 21/50] icon_group_4_77              stair 0|0  seam 0.0|0.0  wob 0.2447|0.5108  iou 0.9134|0.956  fb 1  11.0s
[ 22/50] icon_group_7                 stair 0|0  seam 0.0|0.0  wob 0.0003|2.074  iou 0.9065|0.942  fb 0  20.5s
[ 23/50] icon_group_4_33              stair 0|0  seam 3.12|0.0  wob 109.2496|2.5276  iou 0.8701|0.9476  fb 0  63.2s
[ 24/50] plankgaming_512              stair 0|0  seam 0.0|0.0  wob 0.0295|0.1046  iou 0.9821|0.9977  fb 0  109.8s
