[  1/50] egtdigitalgames_512          stair 0|0  seam 0.0|0.0  wob 0.002|0.0017  iou 0.9904|0.9982  fb 0  161.6s
[  2/50] icon_group_4_62              stair 0|0  seam 2.06|5.88  wob 1.055|67.8036  iou 0.8754|0.9408  fb 0  10.5s
[  3/50] icon_group_4_54              stair 0|0  seam 0.0|0.0  wob 210.7479|331.663  iou 0.9279|0.9528  fb 1  22.5s
[  4/50] icon_group_4_75              stair 0|0  seam 0.0|0.0  wob 0.4664|1.4912  iou 0.9511|0.9794  fb 0  10.4s
[  5/50] icon_group_4_20              stair 2|0  seam 19.81|0.0  wob 38789.588|2905.9281  iou 0.8333|0.885  fb 0  5.6s
[  6/50] icon_group_4_7               stair 5|0  seam 75.75|0.0  wob 275.7553|11.48  iou 0.9814|0.993  fb 0  9.0s
[  7/50] icon_group_4_55              stair 0|0  seam 0.0|0.0  wob 1.9826|600.8219  iou 0.8162|0.8341  fb 0  5.4s
[  8/50] icon_group_4_2               stair 0|0  seam 0.0|0.0  wob 0.3967|2521.5485  iou 0.6837|0.9208  fb 0  9.5s
[  9/50] eyecon_512                   stair 0|0  seam 0.0|0.0  wob 0.0011|0.0093  iou 0.9674|0.9905  fb 0  126.7s
[ 10/50] icon_group_3_10              stair 0|0  seam 0.0|0.0  wob 14.4003|0.2823  iou 0.8982|0.9598  fb 0  13.7s
[ 11/50] your_logo                    stair 0|0  seam 0.0|0.0  wob 0.1828|4.2762  iou 0.9455|0.9729  fb 0  33.4s
[ 12/50] icon_group_4_66              stair 2|0  seam 23.06|0.0  wob 242.6815|6.2316  iou 0.9289|1.0  fb 0  4.1s
[ 13/50] icon_group_4_44              stair 0|0  seam 0.0|0.0  wob 4.1785|1.9067  iou 0.8811|0.9606  fb 1  15.8s
[ 14/50] icon_group_4_58              stair 1|0  seam 0.0|0.0  wob 2171636.8251|0.1478  iou 0.9942|1.0  fb 0  15.0s
[ 15/50] icon_group_4_63              stair 0|0  seam 0.0|0.0  wob 0.1785|0.0924  iou 0.9269|0.9814  fb 0  2.1s
[ 16/50] icon_group_5                 stair 0|0  seam 0.0|0.0  wob 0.0721|0.1075  iou 0.9582|0.9824  fb 0  47.3s
[ 17/50] icon_group_4_17              stair 2|0  seam 67.81|0.0  wob 34.7989|318.4066  iou 0.9571|0.9621  fb 0  9.3s
[ 18/50] icon_group_4_16              stair 2|0  seam 29.69|0.0  wob 57.6162|8.0275  iou 0.9564|0.9746  fb 0  5.7s
[ 19/50] icon_group_4_73              stair 1|0  seam 14.5|0.0  wob 72.8558|5.3223  iou 0.8449|0.9101  fb 0  4.3s
[ 20/50] icon_group_4_24              stair 1|0  seam 0.0|0.0  wob 91.0843|193.5646  iou 0.922|0.9697  fb 0  27.9s
[ 21/50] icon_group_4_77              stair 0|0  seam 0.0|0.0  wob 8.4447|0.5108  iou 0.8482|0.956  fb 0  2.5s
[ 22/50] icon_group_7                 stair 0|0  seam 0.0|0.0  wob 0.1024|2.074  iou 0.9412|0.942  fb 0  13.6s
[ 23/50] icon_group_4_33              stair 2|0  seam 2.38|0.0  wob 422.0918|2.5276  iou 0.8664|0.9476  fb 0  41.6s
[ 24/50] plankgaming_512              stair 0|0  seam 0.0|0.0  wob 0.2023|0.1046  iou 0.9844|0.9977  fb 0  94.7s
[ 25/50] betsoft_512                  stair 0|0  seam 0.0|0.0  wob 0.0126|0.0002  iou 0.9872|0.9966  fb 0  165.4s
[ 26/50] icon_group_4_18              stair 0|0  seam 1.38|0.0  wob 1.0668|22.1028  iou 0.7684|0.7982  fb 0  33.3s
[ 27/50] icon_group_4_22              stair 0|0  seam 0.0|0.0  wob 0.8164|9.821  iou 0.7027|0.818  fb 0  5.1s
[ 28/50] icon_group_4_65              stair 0|0  seam 0.0|3.0  wob 1618.2559|210.0466  iou 0.8991|0.9601  fb 0  2.8s
[ 29/50] SYNTH_SHEET                  stair 0|0  seam 0.0|0.0  wob 0.0|0.4008  iou 0.9938|0.9996  fb 0  240.9s
[ 30/50] icon_group_3_2               stair 0|0  seam 0.0|0.0  wob 0.1552|0.7987  iou 0.9017|0.8964  fb 0  16.6s
[ 31/50] icon_group_1                 stair 0|0  seam 0.0|0.0  wob 0.1055|0.3903  iou 0.9897|0.9931  fb 0  61.1s
[ 32/50] icon_group_6                 stair 0|0  seam 1.69|0.0  wob 34.716|5.9063  iou 0.9257|0.9681  fb 0  36.4s
[ 33/50] icon_group_4_47              stair 2|0  seam 3.38|0.0  wob 3690.2238|84.804  iou 0.9118|0.9126  fb 0  3.9s
[ 34/50] red7slots_512                stair 0|0  seam 0.0|0.0  wob 0.0003|0.0016  iou 0.9693|0.9965  fb 0  183.7s
[ 35/50] icon_group_4_13              stair None|None  seam None|None  wob None|None  iou None|None  fb None  Nones
[ 36/50] icon_group_2_1               stair 0|0  seam 0.0|0.0  wob 0.0112|0.0401  iou 0.9533|0.9641  fb 1  100.5s
[ 37/50] icon_group_4                 stair 0|0  seam 0.0|0.0  wob 0.0508|0.1326  iou 0.9689|0.9863  fb 0  28.1s
[ 38/50] icon_group_4_50              stair 0|0  seam 0.0|0.0  wob 70.0081|46.9086  iou 0.8864|0.9314  fb 0  23.0s
[ 39/50] icon_group_4_41              stair 0|0  seam 0.0|0.0  wob 540.0704|33691.432  iou 0.6841|0.8114  fb 0  8.9s
[ 40/50] icon_group_4_4               stair 0|0  seam 0.75|1.75  wob 7.0947|4522.4309  iou 0.7251|0.6965  fb 1  9.2s
[ 41/50] icon_group_4_52              stair 0|0  seam 1.56|0.0  wob 5167.5486|4.2641  iou 0.8399|0.8732  fb 0  11.7s
[ 42/50] icon_group_4_61              stair 0|0  seam 1.5|4.56  wob 1.8932|832.1504  iou 0.6635|0.8789  fb 0  2.7s
[ 43/50] icon_group_4_34              stair 0|0  seam 0.0|0.0  wob 1.3417|169.4079  iou 0.7832|0.9088  fb 0  47.6s
[ 44/50] icon_group_2_5               stair 0|0  seam 0.0|0.0  wob 0.0|0.0154  iou 0.9843|0.9923  fb 0  23.6s
[ 45/50] icon_group_4_78              stair 0|0  seam 0.0|0.0  wob 0.2526|0.8637  iou 0.9378|0.9739  fb 0  5.7s
[ 46/50] platipus_512                 stair 0|0  seam 0.0|0.0  wob 0.4722|0.0002  iou 0.9935|0.9999  fb 0  33.1s
[ 47/50] icon_group_3_3               stair 0|0  seam 6.69|0.0  wob 79245183.3135|3.3893  iou 0.8463|0.9085  fb 0  9.3s
[ 48/50] icon_group_4_1               stair 1|0  seam 7.75|0.0  wob 7.4367|14377.8476  iou 0.8667|0.963  fb 0  10.1s
[ 49/50] icon_group_4_70              stair 3|0  seam 9.38|0.0  wob 149.5722|31.5331  iou 0.9743|0.9813  fb 0  5.4s
[ 50/50] icon_group                   stair 2|0  seam 2.38|0.0  wob 0.0287|6.2385  iou 0.9616|0.9904  fb 6  166.8s

=== OURS vs VAI (wins+ties/total; median ours|vai; mean ours|vai) ===
  staircase_runs       0+36t/49   med 0.0 | 0.0   mean 0.5306 | 0.0
  seam_px              4+30t/49   med 0.0 | 0.0   mean 5.5412 | 0.31
  wobble               27+0t/49   med 1.8932 | 4.2762   mean 1662619.1869 | 1245.0052
  g2_steps             48+0t/49   med 0.3625 | 1.3339   mean 0.4782 | 1.3475
  kinks_per_100px       3+0t/49   med 6.878 | 2.922   mean 7.4657 | 3.492
  micro_segs           36+0t/49   med 67.0 | 122.0   mean 147.6939 | 199.7347
  roundness            16+0t/30   med 0.0164 | 0.0169   mean 0.0154 | 0.0163
  ink_iou               2+0t/49   med 0.9269 | 0.963   mean 0.8979 | 0.9431
  ssim                  1+0t/49   med 0.927 | 0.9654   mean 0.9088 | 0.9571
  mae                   3+0t/49   med 7.1 | 4.99   mean 7.6837 | 5.2712

Snapshot -> C:\Users\nirrt\Toolset\v-ice part\benchmarks\vai_league.json
