[  1/50] egtdigitalgames_512          stair 0|0  seam 0.0|0.0  wob 0.0005|0.0017  iou 0.9966|0.9982  fb 1  73.4s
[  2/50] icon_group_4_62              stair 0|0  seam 2.44|5.88  wob 1.4141|67.8036  iou 0.8483|0.9408  fb 0  17.2s
[  3/50] icon_group_4_54              stair 0|0  seam 0.0|0.0  wob 0.0047|331.663  iou 0.9073|0.9528  fb 0  14.4s
[  4/50] icon_group_4_75              stair 0|0  seam 0.0|0.0  wob 2.5866|1.4912  iou 0.9564|0.9794  fb 0  10.6s
[  5/50] icon_group_4_20              stair 0|0  seam 23.25|0.0  wob 35506.0189|2905.9281  iou 0.8108|0.885  fb 0  9.6s
[  6/50] icon_group_4_7               stair 2|0  seam 50.38|0.0  wob 115.4251|11.48  iou 0.9796|0.993  fb 0  11.4s
[  7/50] icon_group_4_55              stair 0|0  seam 0.0|0.0  wob 2.0012|600.8219  iou 0.8096|0.8341  fb 0  9.0s
[  8/50] icon_group_4_2               stair 0|0  seam 0.0|0.0  wob 1.2331|2521.5485  iou 0.684|0.9208  fb 1  25.6s
[  9/50] eyecon_512                   stair 0|0  seam 0.0|0.0  wob 0.0001|0.0093  iou 0.964|0.9905  fb 0  117.6s
[ 10/50] icon_group_3_10              stair 0|0  seam 0.0|0.0  wob 0.2579|0.2823  iou 0.9011|0.9598  fb 0  24.4s
[ 11/50] your_logo                    stair 0|0  seam 0.0|0.0  wob 0.2259|4.2762  iou 0.9234|0.9729  fb 0  46.9s
[ 12/50] icon_group_4_66              stair 2|0  seam 37.25|0.0  wob 114356.8619|6.2316  iou 0.9542|1.0  fb 0  7.8s
[ 13/50] icon_group_4_44              stair 0|0  seam 0.0|0.0  wob 1.5703|1.9067  iou 0.8746|0.9606  fb 0  14.2s
[ 14/50] icon_group_4_58              stair 0|0  seam 0.0|0.0  wob 1.5467|0.1478  iou 0.9984|1.0  fb 0  19.9s
[ 15/50] icon_group_4_63              stair 0|0  seam 0.0|0.0  wob 0.3713|0.0924  iou 0.9449|0.9814  fb 0  12.2s
[ 16/50] icon_group_5                 stair 0|0  seam 0.0|0.0  wob 1.0784|0.1075  iou 0.9516|0.9824  fb 0  41.7s
[ 17/50] icon_group_4_17              stair 1|0  seam 74.38|0.0  wob 3.6689|318.4066  iou 0.9491|0.9621  fb 0  9.4s
[ 18/50] icon_group_4_16              stair 2|0  seam 14.94|0.0  wob 0.8177|8.0275  iou 0.9423|0.9746  fb 0  5.9s
[ 19/50] icon_group_4_73              stair 1|0  seam 6.75|0.0  wob 13.2656|5.3223  iou 0.8066|0.9101  fb 0  4.6s
[ 20/50] icon_group_4_24              stair 1|0  seam 0.0|0.0  wob 50.2603|193.5646  iou 0.9179|0.9697  fb 0  35.0s
[ 21/50] icon_group_4_77              stair 0|0  seam 0.0|0.0  wob 0.247|0.5108  iou 0.9185|0.956  fb 1  14.6s
[ 22/50] icon_group_7                 stair 0|0  seam 0.0|0.0  wob 0.1006|2.074  iou 0.9463|0.942  fb 0  55.4s
[ 23/50] icon_group_4_33              stair 1|0  seam 3.25|0.0  wob 124.7697|2.5276  iou 0.8726|0.9476  fb 0  69.5s
[ 24/50] plankgaming_512              stair 0|0  seam 0.0|0.0  wob 37.5498|0.1046  iou 0.9717|0.9977  fb 0  185.4s
[ 25/50] betsoft_512                  stair 0|0  seam 0.0|0.0  wob 0.6094|0.0002  iou 0.9828|0.9966  fb 0  274.1s
[ 26/50] icon_group_4_18              stair 0|0  seam 1.38|0.0  wob 11.382|22.1028  iou 0.7521|0.7982  fb 0  35.5s
[ 27/50] icon_group_4_22              stair 0|0  seam 0.0|0.0  wob 0.3415|9.821  iou 0.6709|0.818  fb 2  17.8s
[ 28/50] icon_group_4_65              stair 0|0  seam 0.0|3.0  wob 1.3223|210.0466  iou 0.8548|0.9601  fb 0  9.0s
[ 29/50] SYNTH_SHEET                  stair 0|0  seam 0.0|0.0  wob 0.0|0.4008  iou 0.994|0.9996  fb 0  251.7s
[ 30/50] icon_group_3_2               stair 0|0  seam 0.0|0.0  wob 0.1487|0.7987  iou 0.9052|0.8964  fb 0  40.3s
[ 31/50] icon_group_1                 stair 0|0  seam 0.0|0.0  wob 0.0675|0.3903  iou 0.9902|0.9931  fb 0  97.7s
[ 32/50] icon_group_6                 stair 0|0  seam 0.0|0.0  wob 0.1355|5.9063  iou 0.915|0.9681  fb 0  77.8s
[ 33/50] icon_group_4_47              stair 2|0  seam 4.25|0.0  wob 3730.7288|84.804  iou 0.8984|0.9126  fb 0  5.2s
[ 34/50] red7slots_512                stair 0|0  seam 0.0|0.0  wob 0.0004|0.0016  iou 0.9711|0.9965  fb 1  128.5s
[ 35/50] icon_group_4_13              stair 1|0  seam 0.94|0.0  wob 2.622|1760.3192  iou 0.8743|0.8855  fb 0  20.8s
[ 36/50] icon_group_2_1               stair 0|0  seam 0.0|0.0  wob 0.2024|0.0401  iou 0.9516|0.9641  fb 2  165.2s
[ 37/50] icon_group_4                 stair 0|0  seam 0.0|0.0  wob 0.0801|0.1326  iou 0.9706|0.9863  fb 0  64.2s
[ 38/50] icon_group_4_50              stair 0|0  seam 0.0|0.0  wob 58563.6181|46.9086  iou 0.8281|0.9314  fb 0  26.5s
[ 39/50] icon_group_4_41              stair 4|0  seam 0.0|0.0  wob 29.8967|33691.432  iou 0.6969|0.8114  fb 1  27.3s
[ 40/50] icon_group_4_4               stair 0|0  seam 0.0|1.75  wob 1.0966|4522.4309  iou 0.7229|0.6965  fb 2  36.9s
[ 41/50] icon_group_4_52              stair 0|0  seam 0.56|0.0  wob 50.4349|4.2641  iou 0.8555|0.8732  fb 0  18.5s
[ 42/50] icon_group_4_61              stair 1|0  seam 1.06|4.56  wob 8.3269|832.1504  iou 0.6632|0.8789  fb 0  4.6s
[ 43/50] icon_group_4_34              stair 3|0  seam 0.0|0.0  wob 0.93|169.4079  iou 0.7687|0.9088  fb 0  48.2s
[ 44/50] icon_group_2_5               stair 0|0  seam 0.0|0.0  wob 0.0|0.0154  iou 0.9845|0.9923  fb 0  48.2s
[ 45/50] icon_group_4_78              stair 0|0  seam 0.0|0.0  wob 1.3854|0.8637  iou 0.9008|0.9739  fb 0  13.4s
[ 46/50] platipus_512                 stair 0|0  seam 0.0|0.0  wob 14.7311|0.0002  iou 0.9996|0.9999  fb 0  43.9s
[ 47/50] icon_group_3_3               stair 0|0  seam 5.94|0.0  wob 1.1854|3.3893  iou 0.8335|0.9085  fb 0  14.8s
[ 48/50] icon_group_4_1               stair 0|0  seam 3.56|0.0  wob 7.97|14377.8476  iou 0.8553|0.963  fb 0  20.9s
[ 49/50] icon_group_4_70              stair 1|0  seam 13.69|0.0  wob 2456.5162|31.5331  iou 0.9744|0.9813  fb 0  9.5s
[ 50/50] icon_group                   stair 2|0  seam 1.5|0.0  wob 0.0332|6.2385  iou 0.958|0.9904  fb 9  320.8s

=== OURS vs VAI (wins+ties/total; median ours|vai; mean ours|vai) ===
  staircase_runs       0+36t/50   med 0.0 | 0.0   mean 0.48 | 0.0
  seam_px              4+31t/50   med 0.0 | 0.0   mean 4.9104 | 0.3038
  wobble               32+0t/50   med 1.2777 | 4.7993   mean 4302.1008 | 1255.3115
  g2_steps             50+0t/50   med 0.2037 | 1.3401   mean 0.2638 | 1.365
  kinks_per_100px       9+0t/50   med 5.546 | 3.005   mean 5.3267 | 3.5003
  micro_segs           43+0t/50   med 56.5 | 122.5   mean 91.96 | 199.88
  roundness            18+0t/31   med 0.0144 | 0.0163   mean 0.0148 | 0.0163
  ink_iou               3+0t/50   med 0.9164 | 0.9626   mean 0.892 | 0.9419
  ssim                  1+0t/50   med 0.9114 | 0.965   mean 0.8986 | 0.9567
  mae                   2+0t/50   med 7.815 | 5.145   mean 8.074 | 5.303

Snapshot -> C:\Users\nirrt\Toolset\v-ice part\benchmarks\vai_bankpkg2.json
