[  1/118] egtdigitalgames_512          stair 0|0  seam 0.0|0.0  wob 0.0005|0.0017  iou 0.997|0.9982  fb 1  105.2s
[  2/118] icon_group_4_62              stair 0|0  seam 0.0|5.88  wob 1.3441|67.8036  iou 0.8454|0.9408  fb 0  23.3s
[  3/118] icon_group_4_54              stair 0|0  seam 0.0|0.0  wob 0.0047|331.663  iou 0.9067|0.9528  fb 0  19.2s
[  4/118] icon_group_4_75              stair 0|0  seam 0.0|0.0  wob 1.2694|1.4912  iou 0.9538|0.9794  fb 0  13.6s
[  5/118] icon_group_4_20              stair 0|0  seam 18.62|0.0  wob 35487.4696|2905.9281  iou 0.8131|0.885  fb 0  10.2s
[  6/118] icon_group_4_7               stair 2|0  seam 59.19|0.0  wob 239.6348|11.48  iou 0.9811|0.993  fb 0  11.9s
[  7/118] icon_group_4_55              stair 0|0  seam 0.0|0.0  wob 2.0178|600.8219  iou 0.809|0.8341  fb 0  10.1s
[  8/118] icon_group_4_2               stair 0|0  seam 0.0|0.0  wob 1.2368|2521.5485  iou 0.6786|0.9208  fb 0  37.4s
[  9/118] eyecon_512                   stair 0|0  seam 0.0|0.0  wob 0.0|0.0093  iou 0.9454|0.9905  fb 0  173.4s
[ 10/118] icon_group_3_10              stair 0|0  seam 0.0|0.0  wob 0.2581|0.2823  iou 0.9023|0.9598  fb 0  32.5s
[ 11/118] your_logo                    stair 0|0  seam 0.0|0.0  wob 0.2251|4.2762  iou 0.9227|0.9729  fb 0  65.7s
[ 12/118] icon_group_4_66              stair 2|0  seam 40.62|0.0  wob 130091.3569|6.2316  iou 0.9545|1.0  fb 0  9.5s
[ 13/118] icon_group_4_44              stair 0|0  seam 0.0|0.0  wob 1.6183|1.9067  iou 0.8654|0.9606  fb 0  19.1s
[ 14/118] icon_group_4_58              stair 0|0  seam 0.0|0.0  wob 7.7132|0.1478  iou 0.9668|1.0  fb 0  25.7s
[ 15/118] icon_group_4_63              stair 0|0  seam 0.0|0.0  wob 0.3702|0.0924  iou 0.9449|0.9814  fb 0  17.3s
[ 16/118] icon_group_5                 stair 0|0  seam 0.0|0.0  wob 1.0782|0.1075  iou 0.9533|0.9824  fb 0  63.7s
[ 17/118] icon_group_4_17              stair 1|0  seam 73.44|0.0  wob 3.6688|318.4066  iou 0.9491|0.9621  fb 0  12.9s
[ 18/118] icon_group_4_16              stair 0|0  seam 15.69|0.0  wob 0.818|8.0275  iou 0.9419|0.9746  fb 0  7.8s
[ 19/118] icon_group_4_73              stair 1|0  seam 6.75|0.0  wob 13.2656|5.3223  iou 0.8066|0.9101  fb 0  6.8s
[ 20/118] icon_group_4_24              stair 1|0  seam 0.0|0.0  wob 50.2587|193.5646  iou 0.9179|0.9697  fb 0  40.4s
[ 21/118] icon_group_4_77              stair 0|0  seam 0.0|0.0  wob 0.2156|0.5108  iou 0.9212|0.956  fb 0  13.4s
[ 22/118] icon_group_7                 stair 0|0  seam 0.0|0.0  wob 0.1142|2.074  iou 0.9459|0.942  fb 0  59.6s
[ 23/118] icon_group_4_33              stair 0|0  seam 3.19|0.0  wob 2512.7332|2.5276  iou 0.8535|0.9476  fb 0  68.7s
[ 24/118] plankgaming_512              stair 0|0  seam 0.0|0.0  wob 37.5498|0.1046  iou 0.9717|0.9977  fb 0  191.9s
[ 25/118] betsoft_512                  stair 0|0  seam 0.0|0.0  wob 0.6094|0.0002  iou 0.9822|0.9966  fb 0  286.3s
[ 26/118] icon_group_4_18              stair 0|0  seam 1.38|0.0  wob 11.382|22.1028  iou 0.7521|0.7982  fb 0  32.2s
[ 27/118] icon_group_4_22              stair 0|0  seam 0.0|0.0  wob 0.361|9.821  iou 0.6746|0.818  fb 1  16.6s
[ 28/118] icon_group_4_65              stair 0|0  seam 0.0|3.0  wob 1.3064|210.0466  iou 0.8503|0.9601  fb 0  7.8s
[ 29/118] SYNTH_SHEET                  stair 0|0  seam 0.0|0.0  wob 0.0413|0.4008  iou 0.9941|0.9996  fb 0  265.2s
[ 30/118] icon_group_3_2               stair 0|0  seam 0.0|0.0  wob 0.1591|0.7987  iou 0.9071|0.8964  fb 0  40.0s
[ 31/118] icon_group_1                 stair 0|0  seam 0.0|0.0  wob 0.0665|0.3903  iou 0.9901|0.9931  fb 0  113.1s
[ 32/118] icon_group_6                 stair 0|0  seam 0.0|0.0  wob 0.1355|5.9063  iou 0.9187|0.9681  fb 0  79.2s
[ 33/118] icon_group_4_47              stair 2|0  seam 2.81|0.0  wob 3731.6638|84.804  iou 0.8991|0.9126  fb 0  4.9s
[ 34/118] red7slots_512                stair 0|0  seam 0.0|0.0  wob 0.0002|0.0016  iou 0.9705|0.9965  fb 0  137.5s
[ 35/118] icon_group_4_13              stair 1|0  seam 0.94|0.0  wob 2.6247|1760.3192  iou 0.8784|0.8855  fb 0  23.2s
[ 36/118] icon_group_2_1               stair 0|0  seam 0.0|0.0  wob 0.2034|0.0401  iou 0.9568|0.9641  fb 2  162.2s
[ 37/118] icon_group_4                 stair 0|0  seam 0.0|0.0  wob 0.0836|0.1326  iou 0.9699|0.9863  fb 0  64.7s
[ 38/118] icon_group_4_50              stair 0|0  seam 0.0|0.0  wob 208263.6163|46.9086  iou 0.8309|0.9314  fb 0  26.0s
[ 39/118] icon_group_4_41              stair 0|0  seam 1.12|0.0  wob 41.6382|33691.432  iou 0.6673|0.8114  fb 1  26.7s
[ 40/118] icon_group_4_4               stair 0|0  seam 0.0|1.75  wob 1.0797|4522.4309  iou 0.7229|0.6965  fb 2  34.3s
[ 41/118] icon_group_4_52              stair 0|0  seam 0.56|0.0  wob 50.4357|4.2641  iou 0.8555|0.8732  fb 0  15.7s
[ 42/118] icon_group_4_61              stair 1|0  seam 1.06|4.56  wob 8.3426|832.1504  iou 0.6632|0.8789  fb 0  4.0s
[ 43/118] icon_group_4_34              stair 1|0  seam 0.0|0.0  wob 0.9568|169.4079  iou 0.7725|0.9088  fb 0  44.1s
[ 44/118] icon_group_2_5               stair 0|0  seam 0.0|0.0  wob 0.0|0.0154  iou 0.9865|0.9923  fb 0  58.7s
[ 45/118] icon_group_4_78              stair 0|0  seam 0.0|0.0  wob 1.2391|0.8637  iou 0.9036|0.9739  fb 0  15.8s
[ 46/118] platipus_512                 stair 0|0  seam 0.0|0.0  wob 0.2323|0.0002  iou 0.9936|0.9999  fb 0  42.0s
[ 47/118] icon_group_3_3               stair 0|0  seam 5.94|0.0  wob 1.1853|3.3893  iou 0.8335|0.9085  fb 0  11.2s
[ 48/118] icon_group_4_1               stair 0|0  seam 6.94|0.0  wob 7.4634|14377.8476  iou 0.8454|0.963  fb 0  14.1s
[ 49/118] icon_group_4_70              stair 1|0  seam 13.81|0.0  wob 1647.7232|31.5331  iou 0.9748|0.9813  fb 0  5.9s
[ 50/118] icon_group                   stair 2|0  seam 1.56|0.0  wob 0.0325|6.2385  iou 0.9584|0.9904  fb 5  242.2s
[ 51/118] icon_group_4_12              stair 0|0  seam 0.0|0.0  wob 0.1013|7.5519  iou 0.8889|0.9533  fb 0  38.9s
[ 52/118] icon_group_4_57              stair 0|0  seam 0.94|0.0  wob 13.558|11.6854  iou 0.8055|0.9112  fb 0  4.9s
[ 53/118] icon_group_4_11              stair 0|0  seam 0.0|0.0  wob 7.4279|51.2646  iou 0.9003|0.9562  fb 0  9.3s
[ 54/118] icon_group_4_39              stair 0|0  seam 0.0|0.0  wob 0.1159|15.8809  iou 0.9742|0.9674  fb 0  9.8s
[ 55/118] icon_group_4_59              stair 0|0  seam 0.0|0.0  wob 0.0001|0.1481  iou 0.9769|0.9987  fb 0  1.7s
[ 56/118] icon_group_3_12              stair 0|0  seam 7.12|0.0  wob 0.5203|46.1938  iou 0.9559|0.9378  fb 0  17.5s
[ 57/118] icon_group_3_7               stair 0|0  seam 0.0|0.0  wob 0.2766|2.4169  iou 0.8684|0.8561  fb 1  31.3s
[ 58/118] icon_group_4_42              stair 0|0  seam 0.0|0.0  wob 1.8799|0.1249  iou 0.8727|0.9803  fb 0  6.6s
[ 59/118] icon_group_4_31              stair 0|0  seam 0.0|0.0  wob 29.1103|13.7617  iou 0.9142|0.9505  fb 0  17.0s
[ 60/118] icon_group_4_80              stair 0|0  seam 0.0|0.0  wob 6989.0629|9.43  iou 0.7736|0.8613  fb 0  4.9s
[ 61/118] icon_group_4_25              stair 0|0  seam 1.31|0.0  wob 36.1339|45.6572  iou 0.9582|0.9543  fb 0  5.9s
[ 62/118] icon_group_4_43              stair 1|0  seam 6.69|1.62  wob 1.2528|46.8512  iou 0.9467|0.9786  fb 0  17.2s
[ 63/118] pepsi                        stair 0|0  seam 0.0|0.0  wob 0.0|0.0  iou 0.9723|0.9808  fb 0  104.5s
[ 64/118] icon_group_4_46              stair 3|0  seam 15.81|0.0  wob 380.0392|11.9352  iou 0.8911|0.9479  fb 0  8.5s
[ 65/118] penspiral_in                 stair 0|0  seam 0.0|0.0  wob 0.0018|690.6343  iou 0.9411|0.963  fb 0  13.5s
[ 66/118] icon_group_4_48              stair 0|0  seam 0.0|0.0  wob 0.2386|44.5995  iou 0.897|0.9916  fb 0  10.4s
[ 67/118] icon_group_2                 stair 0|0  seam 2.56|0.0  wob 0.1394|31.7908  iou 0.9696|0.9886  fb 4  437.1s
[ 68/118] icon_group_4_23              stair 0|0  seam 0.0|0.0  wob 0.2191|0.2904  iou 0.9041|0.9522  fb 0  22.9s
[ 69/118] icon_group_4_56              stair 0|0  seam 0.5|0.0  wob 30.2732|2458.4679  iou 0.8495|0.9927  fb 0  24.4s
[ 70/118] icon_group_4_28              stair 0|0  seam 11.75|0.0  wob 3.9953|142.7743  iou 0.7934|0.905  fb 0  14.8s
[ 71/118] icon_group_4_53              stair 1|0  seam 0.0|0.0  wob 34.5251|176.5094  iou 0.895|0.9403  fb 0  6.7s
[ 72/118] icon_group_4_35              stair 0|0  seam 12.88|0.0  wob 6951.1703|132.1574  iou 0.7671|0.8406  fb 0  7.2s
[ 73/118] icon_group_4_32              stair 1|0  seam 0.0|0.0  wob 0.2449|0.8967  iou 0.9329|0.9533  fb 0  24.9s
[ 74/118] icon_group_4_30              stair 0|0  seam 0.0|0.0  wob 2.0415|107.3531  iou 0.9023|0.9418  fb 0  8.9s
[ 75/118] icon_group_3_8               stair 0|0  seam 0.0|0.0  wob 0.8816|26.9099  iou 0.9488|0.9038  fb 0  24.5s
[ 76/118] lightningboxgames_512        stair 0|0  seam 1.75|0.0  wob 0.4146|7.6057  iou 0.9836|0.9976  fb 0  556.2s
[ 77/118] icon_group_4_10              stair 0|0  seam 2.81|0.0  wob 1.8246|523.1472  iou 0.9055|0.8786  fb 0  10.4s
[ 78/118] icon_group_3_11              stair 0|0  seam 0.0|0.0  wob 0.3777|0.5355  iou 0.9056|0.9556  fb 0  41.7s
[ 79/118] icon_group_4_27              stair 1|0  seam 18.19|0.0  wob 4.8549|39.087  iou 0.8317|0.9187  fb 1  36.1s
[ 80/118] icon_group_4_15              stair 0|0  seam 0.0|0.0  wob 0.2632|6.5042  iou 0.74|0.9674  fb 0  19.6s
[ 81/118] icon_group_3_6               stair 0|0  seam 14.81|30.56  wob 1.2232|11.1608  iou 0.7329|0.9372  fb 0  17.9s
[ 82/118] goldenhero_512               stair 0|0  seam 1.69|0.5  wob 0.2303|979080.4222  iou 0.8586|0.9996  fb 0  227.6s
[ 83/118] icon_group_4_14              stair 1|0  seam 3.19|6.44  wob 85.8172|100524.0148  iou 0.8387|0.8973  fb 0  8.7s
[ 84/118] icon_group_3_9               stair 1|0  seam 0.5|0.0  wob 0.9615|3.6488  iou 0.897|0.9571  fb 0  39.6s
[ 85/118] icon_group_4_5               stair 2|0  seam 1.19|6.19  wob 207.6525|20035.629  iou 0.7896|0.8632  fb 0  16.3s
[ 86/118] goldcoinstudios_512          stair 0|0  seam 0.0|0.0  wob 0.002|0.0022  iou 0.9525|0.9895  fb 0  111.4s
[ 87/118] icon_group_4_36              stair 0|0  seam 0.0|0.0  wob 0.3245|0.6582  iou 0.9317|0.9405  fb 1  14.2s
[ 88/118] icon_group_4_71              stair 0|0  seam 7.81|0.0  wob 2.5177|0.9356  iou 0.9191|0.9618  fb 0  6.0s
[ 89/118] icon_group_2_4               stair 0|0  seam 0.0|0.0  wob 0.2045|153.1901  iou 0.9805|0.9928  fb 1  13.1s
[ 90/118] icon_group_4_67              stair 0|0  seam 17.88|0.0  wob 673.2155|0.5675  iou 0.9679|0.974  fb 0  13.1s
[ 91/118] icon_group_4_6               stair 0|0  seam 0.0|0.0  wob 1.2661|0.5008  iou 0.8658|0.8864  fb 0  21.0s
[ 92/118] icon_group_4_3               stair 0|0  seam 9.56|0.0  wob 1.9477|189.1527  iou 0.9235|0.9387  fb 0  20.0s
[ 93/118] icon_group_4_76              stair 0|0  seam 14.94|0.0  wob 55.901|111365.2936  iou 0.9219|0.9671  fb 0  5.9s
[ 94/118] icon_group_4_29              stair 0|0  seam 0.0|0.0  wob 0.0412|0.1939  iou 0.9303|0.9748  fb 0  25.3s
[ 95/118] icon_group_4_72              stair 0|0  seam 0.0|0.0  wob 0.0557|0.2175  iou 0.9056|0.9735  fb 0  3.9s
[ 96/118] icon_group_4_26              stair 1|0  seam 19.38|0.0  wob 4.3439|1623.2724  iou 0.928|0.9528  fb 0  10.0s
[ 97/118] icon_group_2_3               stair 0|0  seam 0.0|0.0  wob 0.0019|0.0169  iou 0.9863|0.9848  fb 0  187.8s
[ 98/118] icon_group_4_68              stair 0|0  seam 0.0|0.0  wob 0.0565|35219.7331  iou 0.9812|0.9883  fb 0  1.7s
[ 99/118] icon_group_4_38              stair 0|0  seam 0.0|0.0  wob 0.225|168.9963  iou 0.9574|0.9781  fb 0  23.1s
[100/118] icon_group_4_8               stair 1|0  seam 0.0|0.0  wob 17.904|9.8618  iou 0.7916|0.8796  fb 1  22.3s
[101/118] icon_group_3                 stair 41|0  seam 66.12|32.81  wob 1.9304|5.4628  iou 0.8095|0.9531  fb 0  204.5s
[102/118] icon_group_4_51              stair 0|0  seam 0.0|0.0  wob 6.9189|0.3694  iou 0.9092|0.9846  fb 0  18.4s
[103/118] icon_group_4_21              stair 0|0  seam 0.0|0.0  wob 0.7266|0.8221  iou 0.9028|0.922  fb 0  62.7s
[104/118] icon_group_4_64              stair 0|0  seam 0.81|0.0  wob 115.8372|0.1649  iou 0.7261|0.7477  fb 0  3.6s
[105/118] icon_group_4_69              stair 0|0  seam 5.0|0.0  wob 5.4556|0.8667  iou 0.8884|0.9534  fb 0  7.3s
[106/118] icon_group_4_45              stair 1|0  seam 0.0|0.0  wob 3227581.7617|0.4253  iou 0.7048|0.8959  fb 0  7.8s
[107/118] icon_group_3_5               stair 0|0  seam 0.0|0.0  wob 0.1619|1.0428  iou 0.9629|0.9617  fb 0  47.3s
[108/118] icon_group_4_79              stair 1|0  seam 0.0|2.56  wob 4.0619|10619.0468  iou 0.7909|0.8494  fb 0  6.6s
[109/118] icon_group_4_37              stair 0|0  seam 0.0|0.0  wob 103.0616|0.5952  iou 0.8764|0.926  fb 0  23.9s
[110/118] icon_group_3_4               stair 0|0  seam 1.75|1.81  wob 0.2517|16.2986  iou 0.8831|0.9064  fb 2  33.2s
[111/118] icon_group_4_19              stair 4|0  seam 0.0|0.0  wob 1.2582|276.4589  iou 0.6342|0.8245  fb 0  16.9s
[112/118] icon_group_4_74              stair 0|0  seam 0.0|5.5  wob 0.3034|118.8302  iou 0.9225|0.9402  fb 1  11.6s
[113/118] icon_group_4_49              stair 0|0  seam 0.0|0.0  wob 1.7961|8.3575  iou 0.9105|0.9951  fb 0  5.4s
[114/118] icon_group_2_2               stair 0|0  seam 0.0|0.0  wob 0.0|0.0006  iou 0.9955|0.9956  fb 0  15.5s
[115/118] icon_group_4_60              stair 1|0  seam 16.5|0.0  wob 17.619|3065.7714  iou 0.948|0.9768  fb 0  6.4s
[116/118] icon_group_3_1               stair 0|0  seam 58.94|0.0  wob 0.7545|36.3806  iou 0.9511|0.9735  fb 0  27.3s
[117/118] icon_group_4_9               stair 0|0  seam 0.0|0.0  wob 0.5133|5.0147  iou 0.9017|0.9532  fb 0  36.2s
[118/118] icon_group_4_40              stair 2|0  seam 81.94|12.25  wob 253.8598|18.4231  iou 0.9383|0.9605  fb 0  22.7s

=== OURS vs VAI (wins+ties/total; median ours|vai; mean ours|vai) ===
  staircase_runs      0+91t/118   med 0.0 | 0.0   mean 0.661 | 0.0
  seam_px            10+67t/118   med 0.0 | 0.0   mean 5.5758 | 0.9782
  wobble              84+1t/118   med 1.238 | 8.1925   mean 30727.6942 | 11271.0131
  g2_steps           116+0t/118   med 0.229 | 1.2934   mean 0.2733 | 1.2925
  kinks_per_100px     22+0t/118   med 5.592 | 3.377   mean 5.8246 | 3.7194
  micro_segs         106+0t/118   med 48.0 | 146.5   mean 91.161 | 238.7797
  roundness            34+0t/73   med 0.0144 | 0.0153   mean 0.016 | 0.0152
  ink_iou             11+0t/118   med 0.9069 | 0.9567   mean 0.8905 | 0.9422
  ssim                 2+0t/118   med 0.9135 | 0.9646   mean 0.8989 | 0.9577
  mae                  6+0t/118   med 8.05 | 5.21   mean 8.2582 | 5.3304

Snapshot -> C:\Users\nirrt\Toolset\v-ice part\benchmarks\vai_full_corpus.json
