[  1/50] egtdigitalgames_512          stair 0|0  seam 0.0|0.0  wob 0.0005|0.0017  iou 0.997|0.9982  fb 1  87.4s
[  2/50] icon_group_4_62              stair 0|0  seam 0.0|5.88  wob 1.3441|67.8036  iou 0.8454|0.9408  fb 0  17.7s
[  3/50] icon_group_4_54              stair 0|0  seam 0.0|0.0  wob 0.0047|331.663  iou 0.9067|0.9528  fb 0  15.0s
[  4/50] icon_group_4_75              stair 0|0  seam 0.0|0.0  wob 1.2694|1.4912  iou 0.9538|0.9794  fb 0  10.4s
[  5/50] icon_group_4_20              stair 0|0  seam 18.62|0.0  wob 35487.4696|2905.9281  iou 0.8131|0.885  fb 0  8.1s
[  6/50] icon_group_4_7               stair 2|0  seam 59.19|0.0  wob 239.6348|11.48  iou 0.9811|0.993  fb 0  9.6s
[  7/50] icon_group_4_55              stair 0|0  seam 0.0|0.0  wob 2.0178|600.8219  iou 0.809|0.8341  fb 0  8.1s
[  8/50] icon_group_4_2               stair 0|0  seam 0.0|0.0  wob 1.2368|2521.5485  iou 0.6786|0.9208  fb 0  26.3s
[  9/50] eyecon_512                   stair 0|0  seam 0.0|0.0  wob 0.0|0.0093  iou 0.9454|0.9905  fb 0  135.9s
[ 10/50] icon_group_3_10              stair 0|0  seam 0.0|0.0  wob 0.2581|0.2823  iou 0.9023|0.9598  fb 0  24.6s
[ 11/50] your_logo                    stair 0|0  seam 0.0|0.0  wob 0.2251|4.2762  iou 0.9227|0.9729  fb 0  45.9s
[ 12/50] icon_group_4_66              stair 2|0  seam 40.62|0.0  wob 130091.3569|6.2316  iou 0.9545|1.0  fb 0  6.8s
[ 13/50] icon_group_4_44              stair 0|0  seam 0.0|0.0  wob 1.6183|1.9067  iou 0.8654|0.9606  fb 0  17.6s
[ 14/50] icon_group_4_58              stair 0|0  seam 0.0|0.0  wob 7.7132|0.1478  iou 0.9668|1.0  fb 0  23.5s
[ 15/50] icon_group_4_63              stair 0|0  seam 0.0|0.0  wob 0.3702|0.0924  iou 0.9449|0.9814  fb 0  13.9s
[ 16/50] icon_group_5                 stair 0|0  seam 0.0|0.0  wob 1.0782|0.1075  iou 0.9533|0.9824  fb 0  52.1s
[ 17/50] icon_group_4_17              stair 1|0  seam 73.44|0.0  wob 3.6688|318.4066  iou 0.9491|0.9621  fb 0  9.9s
[ 18/50] icon_group_4_16              stair 0|0  seam 15.69|0.0  wob 0.818|8.0275  iou 0.9419|0.9746  fb 0  5.9s
[ 19/50] icon_group_4_73              stair 1|0  seam 6.75|0.0  wob 13.2656|5.3223  iou 0.8066|0.9101  fb 0  4.3s
[ 20/50] icon_group_4_24              stair 1|0  seam 0.0|0.0  wob 50.2587|193.5646  iou 0.9179|0.9697  fb 0  30.7s
[ 21/50] icon_group_4_77              stair 0|0  seam 0.0|0.0  wob 0.2156|0.5108  iou 0.9212|0.956  fb 0  9.7s
[ 22/50] icon_group_7                 stair 0|0  seam 0.0|0.0  wob 0.1142|2.074  iou 0.9459|0.942  fb 0  42.6s
[ 23/50] icon_group_4_33              stair 0|0  seam 3.19|0.0  wob 2512.7332|2.5276  iou 0.8535|0.9476  fb 0  56.3s
[ 24/50] plankgaming_512              stair 0|0  seam 0.0|0.0  wob 37.5498|0.1046  iou 0.9717|0.9977  fb 0  136.1s
[ 25/50] betsoft_512                  stair 0|0  seam 0.0|0.0  wob 0.6094|0.0002  iou 0.9822|0.9966  fb 0  214.8s
[ 26/50] icon_group_4_18              stair 0|0  seam 1.38|0.0  wob 11.382|22.1028  iou 0.7521|0.7982  fb 0  23.1s
[ 27/50] icon_group_4_22              stair 0|0  seam 0.0|0.0  wob 0.361|9.821  iou 0.6746|0.818  fb 1  12.2s
[ 28/50] icon_group_4_65              stair 0|0  seam 0.0|3.0  wob 1.3064|210.0466  iou 0.8503|0.9601  fb 0  5.8s
[ 29/50] SYNTH_SHEET                  stair 0|0  seam 0.0|0.0  wob 0.0413|0.4008  iou 0.9941|0.9996  fb 0  267.7s
[ 30/50] icon_group_3_2               stair 0|0  seam 0.0|0.0  wob 0.1591|0.7987  iou 0.9071|0.8964  fb 0  34.6s
[ 31/50] icon_group_1                 stair 0|0  seam 0.0|0.0  wob 0.0665|0.3903  iou 0.9901|0.9931  fb 0  114.2s
[ 32/50] icon_group_6                 stair 0|0  seam 0.0|0.0  wob 0.1355|5.9063  iou 0.9187|0.9681  fb 0  66.0s
[ 33/50] icon_group_4_47              stair 2|0  seam 2.81|0.0  wob 3731.6638|84.804  iou 0.8991|0.9126  fb 0  4.4s
[ 34/50] red7slots_512                stair 0|0  seam 0.0|0.0  wob 0.0002|0.0016  iou 0.9705|0.9965  fb 0  155.1s
[ 35/50] icon_group_4_13              stair 1|0  seam 0.94|0.0  wob 2.6247|1760.3192  iou 0.8784|0.8855  fb 0  30.8s
[ 36/50] icon_group_2_1               stair 0|0  seam 0.0|0.0  wob 0.2034|0.0401  iou 0.9568|0.9641  fb 2  149.4s
[ 37/50] icon_group_4                 stair 0|0  seam 0.0|0.0  wob 0.0836|0.1326  iou 0.9699|0.9863  fb 0  60.8s
[ 38/50] icon_group_4_50              stair 0|0  seam 0.0|0.0  wob 208263.6163|46.9086  iou 0.8309|0.9314  fb 0  19.9s
[ 39/50] icon_group_4_41              stair 0|0  seam 1.12|0.0  wob 41.6382|33691.432  iou 0.6673|0.8114  fb 1  22.5s
[ 40/50] icon_group_4_4               stair 0|0  seam 0.0|1.75  wob 1.0797|4522.4309  iou 0.7229|0.6965  fb 2  29.9s
[ 41/50] icon_group_4_52              stair 0|0  seam 0.56|0.0  wob 50.4357|4.2641  iou 0.8555|0.8732  fb 0  12.1s
[ 42/50] icon_group_4_61              stair 1|0  seam 1.06|4.56  wob 8.3426|832.1504  iou 0.6632|0.8789  fb 0  3.1s
[ 43/50] icon_group_4_34              stair 1|0  seam 0.0|0.0  wob 0.9568|169.4079  iou 0.7725|0.9088  fb 0  32.2s
[ 44/50] icon_group_2_5               stair 0|0  seam 0.0|0.0  wob 0.0|0.0154  iou 0.9865|0.9923  fb 0  38.8s
[ 45/50] icon_group_4_78              stair 0|0  seam 0.0|0.0  wob 1.2391|0.8637  iou 0.9036|0.9739  fb 0  10.4s
[ 46/50] platipus_512                 stair 0|0  seam 0.0|0.0  wob 0.2323|0.0002  iou 0.9936|0.9999  fb 0  36.5s
[ 47/50] icon_group_3_3               stair 0|0  seam 5.94|0.0  wob 1.1853|3.3893  iou 0.8335|0.9085  fb 0  11.3s
[ 48/50] icon_group_4_1               stair 0|0  seam 6.94|0.0  wob 7.4634|14377.8476  iou 0.8454|0.963  fb 0  13.5s
[ 49/50] icon_group_4_70              stair 1|0  seam 13.81|0.0  wob 1647.7232|31.5331  iou 0.9748|0.9813  fb 0  5.9s
[ 50/50] icon_group                   stair 2|0  seam 1.56|0.0  wob 0.0325|6.2385  iou 0.9584|0.9904  fb 5  245.1s

=== OURS vs VAI (wins+ties/total; median ours|vai; mean ours|vai) ===
  staircase_runs       0+39t/50   med 0.0 | 0.0   mean 0.3 | 0.0
  seam_px              4+30t/50   med 0.0 | 0.0   mean 5.0724 | 0.3038
  wobble               33+0t/50   med 1.211 | 4.7993   mean 7644.5361 | 1255.3115
  g2_steps             50+0t/50   med 0.2041 | 1.3401   mean 0.262 | 1.365
  kinks_per_100px      12+0t/50   med 5.459 | 3.005   mean 5.7923 | 3.5003
  micro_segs           42+0t/50   med 53.0 | 122.5   mean 91.04 | 199.88
  roundness            18+0t/31   med 0.0144 | 0.0163   mean 0.015 | 0.0163
  ink_iou               3+0t/50   med 0.9183 | 0.9626   mean 0.89 | 0.9419
  ssim                  1+0t/50   med 0.9005 | 0.965   mean 0.8956 | 0.9567
  mae                   2+0t/50   med 8.005 | 5.145   mean 8.195 | 5.303

Snapshot -> C:\Users\nirrt\Toolset\v-ice part\benchmarks\vai_s26b.json
