[  1/50] egtdigitalgames_512          stair 0|0  seam 0.0|0.0  wob 0.0005|0.0017  iou 0.997|0.9982  fb 1  106.3s
[  2/50] icon_group_4_62              stair 0|0  seam 0.0|5.88  wob 1.4205|67.8036  iou 0.877|0.9408  fb 0  21.1s
[  3/50] icon_group_4_54              stair 0|0  seam 0.0|0.0  wob 7.4379|331.663  iou 0.8946|0.9528  fb 0  18.6s
[  4/50] icon_group_4_75              stair 0|0  seam 0.0|0.0  wob 1.2026|1.4912  iou 0.9534|0.9794  fb 0  13.2s
[  5/50] icon_group_4_20              stair 1|0  seam 29.5|0.0  wob 35709.8016|2905.9281  iou 0.8209|0.885  fb 0  9.6s
[  6/50] icon_group_4_7               stair 5|0  seam 62.56|0.0  wob 811.6056|11.48  iou 0.982|0.993  fb 0  11.6s
[  7/50] icon_group_4_55              stair 0|0  seam 0.0|0.0  wob 2.037|600.8219  iou 0.8102|0.8341  fb 0  10.6s
[  8/50] icon_group_4_2               stair 0|0  seam 0.0|0.0  wob 1.2356|2521.5485  iou 0.6797|0.9208  fb 0  30.1s
[  9/50] eyecon_512                   stair 0|0  seam 0.0|0.0  wob 0.0|0.0093  iou 0.9457|0.9905  fb 0  177.2s
[ 10/50] icon_group_3_10              stair 0|0  seam 0.0|0.0  wob 0.2596|0.2823  iou 0.9045|0.9598  fb 0  30.4s
[ 11/50] your_logo                    stair 0|0  seam 0.0|0.0  wob 0.2257|4.2762  iou 0.9224|0.9729  fb 0  56.5s
[ 12/50] icon_group_4_66              stair 2|0  seam 29.25|0.0  wob 130447.5369|6.2316  iou 0.9557|1.0  fb 0  10.5s
[ 13/50] icon_group_4_44              stair 0|0  seam 0.0|0.0  wob 1.6218|1.9067  iou 0.8637|0.9606  fb 0  21.2s
[ 14/50] icon_group_4_58              stair 0|0  seam 0.0|0.0  wob 7.7132|0.1478  iou 0.9668|1.0  fb 0  25.4s
[ 15/50] icon_group_4_63              stair 0|0  seam 0.0|0.0  wob 0.292|0.0924  iou 0.9449|0.9814  fb 0  15.9s
[ 16/50] icon_group_5                 stair 0|0  seam 0.0|0.0  wob 0.5622|0.1075  iou 0.9525|0.9824  fb 0  61.5s
[ 17/50] icon_group_4_17              stair 2|0  seam 69.06|0.0  wob 34.7997|318.4066  iou 0.9571|0.9621  fb 0  12.3s
[ 18/50] icon_group_4_16              stair 2|0  seam 29.69|0.0  wob 57.6162|8.0275  iou 0.9564|0.9746  fb 0  7.7s
[ 19/50] icon_group_4_73              stair 1|0  seam 14.5|0.0  wob 72.8574|5.3223  iou 0.8455|0.9101  fb 0  5.2s
[ 20/50] icon_group_4_24              stair 1|0  seam 0.0|0.0  wob 91.0849|193.5646  iou 0.922|0.9697  fb 0  36.2s
[ 21/50] icon_group_4_77              stair 0|0  seam 0.0|0.0  wob 0.2156|0.5108  iou 0.9212|0.956  fb 0  12.3s
[ 22/50] icon_group_7                 stair 0|0  seam 0.0|0.0  wob 0.1142|2.074  iou 0.9459|0.942  fb 0  55.8s
[ 23/50] icon_group_4_33              stair 1|0  seam 2.69|0.0  wob 2705.2839|2.5276  iou 0.8474|0.9476  fb 0  62.4s
[ 24/50] plankgaming_512              stair 0|0  seam 0.0|0.0  wob 31.0186|0.1046  iou 0.9727|0.9977  fb 0  169.2s
[ 25/50] betsoft_512                  stair 0|0  seam 0.0|0.0  wob 0.6094|0.0002  iou 0.9822|0.9966  fb 0  264.9s
[ 26/50] icon_group_4_18              stair 0|0  seam 1.38|0.0  wob 11.3899|22.1028  iou 0.7521|0.7982  fb 0  29.0s
[ 27/50] icon_group_4_22              stair 0|0  seam 0.0|0.0  wob 0.3678|9.821  iou 0.7169|0.818  fb 1  14.5s
[ 28/50] icon_group_4_65              stair 1|0  seam 0.0|3.0  wob 1601.4881|210.0466  iou 0.895|0.9601  fb 0  7.8s
[ 29/50] SYNTH_SHEET                  stair 0|0  seam 0.0|0.0  wob 0.0413|0.4008  iou 0.9941|0.9996  fb 0  265.1s
[ 30/50] icon_group_3_2               stair 0|0  seam 0.0|0.0  wob 0.1598|0.7987  iou 0.9025|0.8964  fb 0  37.0s
[ 31/50] icon_group_1                 stair 0|0  seam 0.0|0.0  wob 0.0653|0.3903  iou 0.9898|0.9931  fb 0  109.8s
[ 32/50] icon_group_6                 stair 0|0  seam 2.38|0.0  wob 0.1409|5.9063  iou 0.9186|0.9681  fb 0  69.4s
[ 33/50] icon_group_4_47              stair 2|0  seam 0.0|0.0  wob 3840.6089|84.804  iou 0.913|0.9126  fb 0  4.0s
[ 34/50] red7slots_512                stair 0|0  seam 0.0|0.0  wob 0.0002|0.0016  iou 0.9705|0.9965  fb 0  135.8s
[ 35/50] icon_group_4_13              stair None|None  seam None|None  wob None|None  iou None|None  fb None  Nones
[ 36/50] icon_group_2_1               stair 0|0  seam 0.0|0.0  wob 0.2034|0.0401  iou 0.9568|0.9641  fb 2  155.6s
[ 37/50] icon_group_4                 stair 0|0  seam 0.0|0.0  wob 0.0834|0.1326  iou 0.97|0.9863  fb 0  63.8s
[ 38/50] icon_group_4_50              stair 0|0  seam 0.0|0.0  wob 4985.3851|46.9086  iou 0.8349|0.9314  fb 0  23.3s
[ 39/50] icon_group_4_41              stair 1|0  seam 1.75|0.0  wob 40.8887|33691.432  iou 0.6765|0.8114  fb 1  24.9s
[ 40/50] icon_group_4_4               stair 0|0  seam 0.0|1.75  wob 1.061|4522.4309  iou 0.72|0.6965  fb 2  32.2s
[ 41/50] icon_group_4_52              stair 0|0  seam 1.56|0.0  wob 5167.5852|4.2641  iou 0.8399|0.8732  fb 0  14.8s
[ 42/50] icon_group_4_61              stair 0|0  seam 1.38|4.56  wob 1.8934|832.1504  iou 0.6635|0.8789  fb 0  3.7s
[ 43/50] icon_group_4_34              stair 0|0  seam 0.0|0.0  wob 0.9686|169.4079  iou 0.7664|0.9088  fb 0  41.7s
[ 44/50] icon_group_2_5               stair 0|0  seam 0.0|0.0  wob 0.0|0.0154  iou 0.9865|0.9923  fb 0  47.9s
[ 45/50] icon_group_4_78              stair 0|0  seam 0.0|0.0  wob 1.2434|0.8637  iou 0.9046|0.9739  fb 0  14.7s
[ 46/50] platipus_512                 stair 0|0  seam 0.0|0.0  wob 0.4723|0.0002  iou 0.9936|0.9999  fb 0  45.3s
[ 47/50] icon_group_3_3               stair 0|0  seam 6.69|0.0  wob 2008786.0757|3.3893  iou 0.8465|0.9085  fb 0  13.3s
[ 48/50] icon_group_4_1               stair 1|0  seam 4.0|0.0  wob 9.1795|14377.8476  iou 0.857|0.963  fb 0  19.8s
[ 49/50] icon_group_4_70              stair 1|0  seam 10.62|0.0  wob 3671.3741|31.5331  iou 0.9743|0.9813  fb 0  7.6s
[ 50/50] icon_group                   stair 2|0  seam 1.56|0.0  wob 0.0315|6.2385  iou 0.9582|0.9904  fb 5  307.8s

=== OURS vs VAI (wins+ties/total; median ours|vai; mean ours|vai) ===
  staircase_runs       0+35t/49   med 0.0 | 0.0   mean 0.4694 | 0.0
  seam_px              4+30t/49   med 0.0 | 0.0   mean 5.481 | 0.31
  wobble               29+0t/49   med 1.2434 | 4.2762   mean 44859.3318 | 1245.0052
  g2_steps             49+0t/49   med 0.2074 | 1.3339   mean 0.2703 | 1.3475
  kinks_per_100px       9+0t/49   med 5.429 | 2.922   mean 6.6849 | 3.492
  micro_segs           36+0t/49   med 69.0 | 122.0   mean 145.1429 | 199.7347
  roundness            17+0t/30   med 0.0174 | 0.0169   mean 0.0157 | 0.0163
  ink_iou               4+0t/49   med 0.9212 | 0.963   mean 0.8943 | 0.9431
  ssim                  1+0t/49   med 0.8973 | 0.9654   mean 0.9034 | 0.9571
  mae                   2+0t/49   med 7.97 | 4.99   mean 7.9141 | 5.2712

Snapshot -> C:\Users\nirrt\Toolset\v-ice part\benchmarks\vai_s24.json
