[  1/50] egtdigitalgames_512          stair 0|0  seam 0.0|0.0  wob 0.002|0.0017  iou 0.9971|0.9982  fb 0  80.1s
[  2/50] icon_group_4_62              stair 0|0  seam 5.31|5.88  wob 2.364|67.8036  iou 0.8656|0.9408  fb 1  7.7s
[  3/50] icon_group_4_54              stair 0|0  seam 0.0|0.0  wob 0.5168|331.663  iou 0.9289|0.9528  fb 0  9.2s
[  4/50] icon_group_4_75              stair 0|0  seam 0.0|0.0  wob 2.4227|1.4912  iou 0.9495|0.9794  fb 0  5.5s
[  5/50] icon_group_4_20              stair 3|0  seam 35.25|0.0  wob 45372.3826|2905.9281  iou 0.842|0.885  fb 0  7.5s
[  6/50] icon_group_4_7               stair 3|0  seam 75.38|0.0  wob 2389.0906|11.48  iou 0.9771|0.993  fb 0  10.9s
[  7/50] icon_group_4_55              stair 0|0  seam 0.0|0.0  wob 3.0721|600.8219  iou 0.8139|0.8341  fb 0  5.4s
[  8/50] icon_group_4_2               stair 0|0  seam 0.0|0.0  wob 1.0676|2521.5485  iou 0.6836|0.9208  fb 0  11.0s
[  9/50] eyecon_512                   stair 0|0  seam 0.0|0.0  wob 0.0011|0.0093  iou 0.9659|0.9905  fb 0  55.1s
[ 10/50] icon_group_3_10              stair 0|0  seam 0.0|0.0  wob 1.8187|0.2823  iou 0.8983|0.9598  fb 0  16.8s
[ 11/50] your_logo                    stair 0|0  seam 0.0|0.0  wob 0.0903|4.2762  iou 0.944|0.9729  fb 0  33.6s
[ 12/50] icon_group_4_66              stair 1|0  seam 27.5|0.0  wob 1363.3212|6.2316  iou 0.9312|1.0  fb 0  5.4s
[ 13/50] icon_group_4_44              stair 0|0  seam 0.0|0.0  wob 1.944|1.9067  iou 0.8862|0.9606  fb 0  9.9s
[ 14/50] icon_group_4_58              stair 0|0  seam 0.0|0.0  wob 1.4128|0.1478  iou 0.9981|1.0  fb 0  10.5s
[ 15/50] icon_group_4_63              stair 0|0  seam 0.0|0.0  wob 0.1635|0.0924  iou 0.94|0.9814  fb 0  2.9s
[ 16/50] icon_group_5                 stair 0|0  seam 0.0|0.0  wob 0.0724|0.1075  iou 0.9559|0.9824  fb 0  24.5s
[ 17/50] icon_group_4_17              stair 1|0  seam 70.56|0.0  wob 4.3738|318.4066  iou 0.9536|0.9621  fb 0  11.0s
[ 18/50] icon_group_4_16              stair 2|0  seam 33.94|0.0  wob 18.8356|8.0275  iou 0.9545|0.9746  fb 0  7.2s
[ 19/50] icon_group_4_73              stair 0|0  seam 9.25|0.0  wob 729.4096|5.3223  iou 0.8486|0.9101  fb 0  5.0s
[ 20/50] icon_group_4_24              stair 1|0  seam 0.0|0.0  wob 14.8338|193.5646  iou 0.9153|0.9697  fb 0  10.2s
[ 21/50] icon_group_4_77              stair 0|0  seam 0.0|0.0  wob 4.666|0.5108  iou 0.9202|0.956  fb 0  4.2s
[ 22/50] icon_group_7                 stair 0|0  seam 0.0|0.0  wob 0.1077|2.074  iou 0.9419|0.942  fb 0  14.1s
[ 23/50] icon_group_4_33              stair 0|0  seam 3.38|0.0  wob 792.7189|2.5276  iou 0.8843|0.9476  fb 0  19.6s
[ 24/50] plankgaming_512              stair 0|0  seam 0.0|0.0  wob 0.2022|0.1046  iou 0.9843|0.9977  fb 0  80.7s
[ 25/50] betsoft_512                  stair 0|0  seam 0.0|0.0  wob 0.0125|0.0002  iou 0.9824|0.9966  fb 0  104.1s
[ 26/50] icon_group_4_18              stair 0|0  seam 1.38|0.0  wob 1.0856|22.1028  iou 0.7649|0.7982  fb 0  13.8s
[ 27/50] icon_group_4_22              stair 0|0  seam 0.0|0.0  wob 5.5327|9.821  iou 0.7146|0.818  fb 1  6.5s
[ 28/50] icon_group_4_65              stair 0|0  seam 8.0|3.0  wob 1809.7912|210.0466  iou 0.9033|0.9601  fb 0  4.3s
[ 29/50] SYNTH_SHEET                  stair 0|0  seam 0.0|0.0  wob 0.0|0.4008  iou 0.9938|0.9996  fb 0  277.5s
[ 30/50] icon_group_3_2               stair 0|0  seam 0.0|0.0  wob 0.1746|0.7987  iou 0.8959|0.8964  fb 0  13.0s
[ 31/50] icon_group_1                 stair 0|0  seam 0.0|0.0  wob 0.0563|0.3903  iou 0.9909|0.9931  fb 0  29.9s
[ 32/50] icon_group_6                 stair 0|0  seam 1.69|0.0  wob 4.3345|5.9063  iou 0.9231|0.9681  fb 0  34.4s
[ 33/50] icon_group_4_47              stair 3|0  seam 4.25|0.0  wob 31.3143|84.804  iou 0.9073|0.9126  fb 0  4.1s
[ 34/50] red7slots_512                stair 0|0  seam 0.0|0.0  wob 0.0003|0.0016  iou 0.9708|0.9965  fb 0  115.8s
[ 35/50] icon_group_4_13              stair None|None  seam None|None  wob None|None  iou None|None  fb None  Nones
[ 36/50] icon_group_2_1               stair 0|0  seam 0.0|0.0  wob 0.0307|0.0401  iou 0.9536|0.9641  fb 3  106.3s
[ 37/50] icon_group_4                 stair 0|0  seam 0.0|0.0  wob 0.0482|0.1326  iou 0.9687|0.9863  fb 1  27.9s
[ 38/50] icon_group_4_50              stair 0|0  seam 0.0|0.0  wob 6.7158|46.9086  iou 0.8884|0.9314  fb 0  14.9s
[ 39/50] icon_group_4_41              stair 0|0  seam 0.0|0.0  wob 4.0587|33691.432  iou 0.7087|0.8114  fb 0  14.5s
[ 40/50] icon_group_4_4               stair 0|0  seam 0.0|1.75  wob 7.0207|4522.4309  iou 0.7402|0.6965  fb 1  15.2s
[ 41/50] icon_group_4_52              stair 2|0  seam 0.0|0.0  wob 20.2342|4.2641  iou 0.8514|0.8732  fb 0  8.3s
[ 42/50] icon_group_4_61              stair 0|0  seam 0.0|4.56  wob 1.6769|832.1504  iou 0.6773|0.8789  fb 0  4.0s
[ 43/50] icon_group_4_34              stair 0|0  seam 0.0|0.0  wob 14.213|169.4079  iou 0.8074|0.9088  fb 0  28.1s
[ 44/50] icon_group_2_5               stair 0|0  seam 0.0|0.0  wob 0.0|0.0154  iou 0.9852|0.9923  fb 0  25.1s
[ 45/50] icon_group_4_78              stair 0|0  seam 0.0|0.0  wob 62.5174|0.8637  iou 0.9134|0.9739  fb 1  6.6s
[ 46/50] platipus_512                 stair 0|0  seam 0.0|0.0  wob 0.4373|0.0002  iou 0.9934|0.9999  fb 0  31.6s
[ 47/50] icon_group_3_3               stair 0|0  seam 6.88|0.0  wob 9.9243|3.3893  iou 0.8494|0.9085  fb 0  11.1s
[ 48/50] icon_group_4_1               stair 0|0  seam 8.75|0.0  wob 15.6838|14377.8476  iou 0.8797|0.963  fb 0  15.1s
[ 49/50] icon_group_4_70              stair 0|0  seam 9.38|0.0  wob 1974.1607|31.5331  iou 0.9743|0.9813  fb 0  7.6s
[ 50/50] icon_group                   stair 2|0  seam 0.0|0.0  wob 0.0889|6.2385  iou 0.9611|0.9904  fb 13  173.9s

=== OURS vs VAI (wins+ties/total; means ours|vai) ===
  staircase_runs       0+40t/49   0.3673 | 0.0
  seam_px              3+32t/49   6.1408 | 0.31
  wobble               28+0t/49   1115.796 | 1245.0052
  g2_steps             49+0t/49   0.3423 | 1.3475
  kinks_per_100px       2+0t/49   7.7293 | 3.492
  micro_segs           35+2t/49   147.9592 | 199.7347
  roundness            16+0t/31   0.0159 | 0.0158
  ink_iou               1+0t/49   0.9016 | 0.9431
  ssim                  1+0t/49   0.9105 | 0.9571
  mae                   3+0t/49   7.5714 | 5.2712

Snapshot -> C:\Users\nirrt\Toolset\v-ice part\benchmarks\vai_after_stage1.json
