[  1/50] egtdigitalgames_512          stair 0|0  seam 0.0|0.0  wob 0.0005|0.0017  iou 0.997|0.9982  fb 1  98.6s
[  2/50] icon_group_4_62              stair 0|0  seam 0.0|5.88  wob 0.3642|67.8036  iou 0.8631|0.9408  fb 1  20.2s
[  3/50] icon_group_4_54              stair 0|0  seam 0.0|0.0  wob 0.4043|331.663  iou 0.8916|0.9528  fb 0  18.2s
[  4/50] icon_group_4_75              stair 0|0  seam 0.0|0.0  wob 580.0867|1.4912  iou 0.9476|0.9794  fb 0  12.7s
[  5/50] icon_group_4_20              stair 1|0  seam 23.0|0.0  wob 156663.143|2905.9281  iou 0.8206|0.885  fb 0  9.9s
[  6/50] icon_group_4_7               stair 5|0  seam 75.75|0.0  wob 275.7553|11.48  iou 0.9814|0.993  fb 0  10.4s
[  7/50] icon_group_4_55              stair 0|0  seam 0.0|0.0  wob 0.1526|600.8219  iou 0.8132|0.8341  fb 0  12.8s
[  8/50] icon_group_4_2               stair 0|0  seam 0.0|0.0  wob 0.1086|2521.5485  iou 0.6745|0.9208  fb 1  33.7s
[  9/50] eyecon_512                   stair 0|0  seam 0.0|0.0  wob 0.0|0.0093  iou 0.9696|0.9905  fb 0  163.4s
[ 10/50] icon_group_3_10              stair 0|0  seam 0.0|0.0  wob 0.3196|0.2823  iou 0.912|0.9598  fb 0  34.5s
[ 11/50] your_logo                    stair 0|0  seam 0.0|0.0  wob 0.0161|4.2762  iou 0.9352|0.9729  fb 0  67.7s
[ 12/50] icon_group_4_66              stair 2|0  seam 29.25|0.0  wob 130655.8933|6.2316  iou 0.9557|1.0  fb 0  11.2s
[ 13/50] icon_group_4_44              stair 0|0  seam 0.0|0.0  wob 1.2762|1.9067  iou 0.8609|0.9606  fb 0  21.4s
[ 14/50] icon_group_4_58              stair 0|0  seam 0.0|0.0  wob 39.6363|0.1478  iou 0.9713|1.0  fb 0  27.6s
[ 15/50] icon_group_4_63              stair 0|0  seam 0.0|0.0  wob 0.0848|0.0924  iou 0.9475|0.9814  fb 0  19.7s
[ 16/50] icon_group_5                 stair 0|0  seam 0.0|0.0  wob 0.1533|0.1075  iou 0.9524|0.9824  fb 0  72.6s
[ 17/50] icon_group_4_17              stair 2|0  seam 69.12|0.0  wob 34.7956|318.4066  iou 0.9571|0.9621  fb 0  14.4s
[ 18/50] icon_group_4_16              stair 2|0  seam 29.69|0.0  wob 57.6162|8.0275  iou 0.9564|0.9746  fb 0  9.4s
[ 19/50] icon_group_4_73              stair 1|0  seam 14.5|0.0  wob 72.8558|5.3223  iou 0.8449|0.9101  fb 0  6.6s
[ 20/50] icon_group_4_24              stair 1|0  seam 0.0|0.0  wob 91.0843|193.5646  iou 0.922|0.9697  fb 0  48.0s
[ 21/50] icon_group_4_77              stair 0|0  seam 0.0|0.0  wob 0.2211|0.5108  iou 0.8505|0.956  fb 0  16.3s
[ 22/50] icon_group_7                 stair 0|0  seam 0.0|0.0  wob 0.0954|2.074  iou 0.942|0.942  fb 0  60.1s
[ 23/50] icon_group_4_33              stair 1|0  seam 3.88|0.0  wob 414.0178|2.5276  iou 0.8676|0.9476  fb 0  71.6s
[ 24/50] plankgaming_512              stair 0|0  seam 0.0|0.0  wob 9.265|0.1046  iou 0.9742|0.9977  fb 1  198.2s
[ 25/50] betsoft_512                  stair 0|0  seam 0.0|0.0  wob 0.4249|0.0002  iou 0.9822|0.9966  fb 0  291.8s
[ 26/50] icon_group_4_18              stair 0|0  seam 1.38|0.0  wob 0.6796|22.1028  iou 0.7766|0.7982  fb 0  32.7s
[ 27/50] icon_group_4_22              stair 0|0  seam 0.0|0.0  wob 0.1169|9.821  iou 0.6934|0.818  fb 2  15.8s
[ 28/50] icon_group_4_65              stair 1|0  seam 0.0|3.0  wob 1609.8498|210.0466  iou 0.8888|0.9601  fb 0  9.0s
[ 29/50] SYNTH_SHEET                  stair 0|0  seam 0.0|0.0  wob 0.0413|0.4008  iou 0.9941|0.9996  fb 0  280.8s
[ 30/50] icon_group_3_2               stair 0|0  seam 0.0|0.0  wob 0.1116|0.7987  iou 0.9038|0.8964  fb 0  35.9s
[ 31/50] icon_group_1                 stair 0|0  seam 0.0|0.0  wob 0.0574|0.3903  iou 0.9898|0.9931  fb 0  115.4s
[ 32/50] icon_group_6                 stair 0|0  seam 6.06|0.0  wob 0.0785|5.9063  iou 0.9216|0.9681  fb 0  68.1s
[ 33/50] icon_group_4_47              stair 2|0  seam 3.38|0.0  wob 3690.2238|84.804  iou 0.9118|0.9126  fb 0  4.5s
[ 34/50] red7slots_512                stair 0|0  seam 0.0|0.0  wob 0.0002|0.0016  iou 0.9705|0.9965  fb 0  139.9s
[ 35/50] icon_group_4_13              stair None|None  seam None|None  wob None|None  iou None|None  fb None  Nones
[ 36/50] icon_group_2_1               stair 0|0  seam 0.0|0.0  wob 0.2041|0.0401  iou 0.9571|0.9641  fb 2  159.2s
[ 37/50] icon_group_4                 stair 0|0  seam 0.0|0.0  wob 0.0217|0.1326  iou 0.971|0.9863  fb 0  58.9s
[ 38/50] icon_group_4_50              stair 0|0  seam 0.0|0.0  wob 341.5537|46.9086  iou 0.8788|0.9314  fb 0  24.4s
[ 39/50] icon_group_4_41              stair 0|0  seam 1.25|0.0  wob 48.8917|33691.432  iou 0.6673|0.8114  fb 1  25.1s
[ 40/50] icon_group_4_4               stair 0|0  seam 0.0|1.75  wob 0.5648|4522.4309  iou 0.7294|0.6965  fb 2  38.5s
[ 41/50] icon_group_4_52              stair 0|0  seam 1.56|0.0  wob 5167.5486|4.2641  iou 0.8399|0.8732  fb 0  19.2s
[ 42/50] icon_group_4_61              stair 0|0  seam 1.5|4.56  wob 1.8932|832.1504  iou 0.6635|0.8789  fb 0  4.4s
[ 43/50] icon_group_4_34              stair 0|0  seam 0.0|0.0  wob 0.1989|169.4079  iou 0.7955|0.9088  fb 0  43.2s
[ 44/50] icon_group_2_5               stair 0|0  seam 0.0|0.0  wob 0.0|0.0154  iou 0.9865|0.9923  fb 0  41.5s
[ 45/50] icon_group_4_78              stair 0|0  seam 0.0|0.0  wob 0.3554|0.8637  iou 0.8866|0.9739  fb 1  14.6s
[ 46/50] platipus_512                 stair 0|0  seam 0.0|0.0  wob 0.4724|0.0002  iou 0.9938|0.9999  fb 0  45.4s
[ 47/50] icon_group_3_3               stair 0|0  seam 6.69|0.0  wob 79245183.3135|3.3893  iou 0.8463|0.9085  fb 0  14.6s
[ 48/50] icon_group_4_1               stair 1|0  seam 4.69|0.0  wob 9.1662|14377.8476  iou 0.8588|0.963  fb 0  16.9s
[ 49/50] icon_group_4_70              stair 1|0  seam 10.62|0.0  wob 3671.9307|31.5331  iou 0.9743|0.9813  fb 0  7.7s
[ 50/50] icon_group                   stair 2|0  seam 1.69|0.0  wob 0.0338|6.2385  iou 0.9595|0.9904  fb 2  295.0s

=== OURS vs VAI (wins+ties/total; median ours|vai; mean ours|vai) ===
  staircase_runs       0+36t/49   med 0.0 | 0.0   mean 0.449 | 0.0
  seam_px              4+29t/49   med 0.0 | 0.0   mean 5.7961 | 0.31
  wobble               29+0t/49   med 0.4249 | 4.2762   mean 1623441.3281 | 1245.0052
  g2_steps             49+0t/49   med 0.3066 | 1.3339   mean 0.3122 | 1.3475
  kinks_per_100px       9+0t/49   med 5.43 | 2.922   mean 6.8912 | 3.492
  micro_segs           36+0t/49   med 73.0 | 122.0   mean 145.2245 | 199.7347
  roundness            16+0t/30   med 0.0175 | 0.0169   mean 0.0159 | 0.0163
  ink_iou               2+1t/49   med 0.9216 | 0.963   mean 0.8949 | 0.9431
  ssim                  1+0t/49   med 0.9028 | 0.9654   mean 0.9042 | 0.9571
  mae                   3+0t/49   med 7.66 | 4.99   mean 7.9127 | 5.2712

Snapshot -> C:\Users\nirrt\Toolset\v-ice part\benchmarks\vai_joint.json
