[  1/50] egtdigitalgames_512          stair 0|0  seam 0.0|0.0  wob 0.121|0.0017  iou 0.9949|0.9982  fb 0  73.3s
[  2/50] icon_group_4_62              stair 0|0  seam 0.0|5.88  wob 0.9518|67.8036  iou 0.8534|0.9408  fb 1  21.5s
[  3/50] icon_group_4_54              stair 0|0  seam 0.0|0.0  wob 0.2763|331.663  iou 0.9257|0.9528  fb 1  17.0s
[  4/50] icon_group_4_75              stair 0|0  seam 0.0|0.0  wob 2.7343|1.4912  iou 0.9499|0.9794  fb 0  12.3s
[  5/50] icon_group_4_20              stair 1|0  seam 14.06|0.0  wob 1167227.0803|2905.9281  iou 0.8057|0.885  fb 0  9.5s
[  6/50] icon_group_4_7               stair 3|0  seam 70.06|0.0  wob 158.136|11.48  iou 0.9801|0.993  fb 0  10.5s
[  7/50] icon_group_4_55              stair 0|0  seam 0.0|0.0  wob 1.8473|600.8219  iou 0.8085|0.8341  fb 0  9.8s
[  8/50] icon_group_4_2               stair 0|0  seam 0.0|0.0  wob 4.7103|2521.5485  iou 0.6781|0.9208  fb 0  33.1s
[  9/50] eyecon_512                   stair 0|0  seam 0.0|0.0  wob 0.0001|0.0093  iou 0.9742|0.9905  fb 0  100.5s
[ 10/50] icon_group_3_10              stair 0|0  seam 0.0|0.0  wob 0.2534|0.2823  iou 0.9039|0.9598  fb 0  28.4s
[ 11/50] your_logo                    stair 0|0  seam 0.0|0.0  wob 0.2372|4.2762  iou 0.929|0.9729  fb 0  50.7s
[ 12/50] icon_group_4_66              stair 2|0  seam 31.44|0.0  wob 8466.8563|6.2316  iou 0.9538|1.0  fb 0  10.0s
[ 13/50] icon_group_4_44              stair 0|0  seam 0.0|0.0  wob 2.0661|1.9067  iou 0.856|0.9606  fb 0  19.8s
[ 14/50] icon_group_4_58              stair 0|0  seam 0.0|0.0  wob 1.3299|0.1478  iou 0.9935|1.0  fb 0  23.3s
[ 15/50] icon_group_4_63              stair 0|0  seam 0.0|0.0  wob 0.3704|0.0924  iou 0.9483|0.9814  fb 0  16.1s
[ 16/50] icon_group_5                 stair 0|0  seam 0.0|0.0  wob 1.078|0.1075  iou 0.9508|0.9824  fb 0  46.2s
[ 17/50] icon_group_4_17              stair 2|0  seam 74.44|0.0  wob 6.9015|318.4066  iou 0.9475|0.9621  fb 0  11.8s
[ 18/50] icon_group_4_16              stair 0|0  seam 19.06|0.0  wob 1.5476|8.0275  iou 0.9273|0.9746  fb 0  7.2s
[ 19/50] icon_group_4_73              stair 1|0  seam 1.0|0.0  wob 18.6393|5.3223  iou 0.838|0.9101  fb 0  5.2s
[ 20/50] icon_group_4_24              stair 0|0  seam 0.0|0.0  wob 1.995|193.5646  iou 0.9139|0.9697  fb 0  31.1s
[ 21/50] icon_group_4_77              stair 0|0  seam 0.0|0.0  wob 0.2163|0.5108  iou 0.9137|0.956  fb 0  11.6s
[ 22/50] icon_group_7                 stair 0|0  seam 0.0|0.0  wob 0.0996|2.074  iou 0.9478|0.942  fb 0  46.1s
[ 23/50] icon_group_4_33              stair 0|0  seam 3.19|0.0  wob 37.5204|2.5276  iou 0.8782|0.9476  fb 0  55.9s
[ 24/50] plankgaming_512              stair 0|0  seam 0.0|0.0  wob 36.8627|0.1046  iou 0.9554|0.9977  fb 0  139.6s
[ 25/50] betsoft_512                  stair 0|0  seam 0.0|0.0  wob 0.6664|0.0002  iou 0.9878|0.9966  fb 0  211.0s
[ 26/50] icon_group_4_18              stair 0|0  seam 1.38|0.0  wob 1.5261|22.1028  iou 0.75|0.7982  fb 0  25.4s
[ 27/50] icon_group_4_22              stair 0|0  seam 0.0|0.0  wob 0.2772|9.821  iou 0.6825|0.818  fb 1  15.5s
[ 28/50] icon_group_4_65              stair 0|0  seam 0.0|3.0  wob 1.4683|210.0466  iou 0.85|0.9601  fb 0  7.3s
[ 29/50] SYNTH_SHEET                  stair 0|0  seam 0.0|0.0  wob 0.0762|0.4008  iou 0.9939|0.9996  fb 0  214.7s
[ 30/50] icon_group_3_2               stair 0|0  seam 0.0|0.0  wob 0.1173|0.7987  iou 0.9073|0.8964  fb 0  31.7s
[ 31/50] icon_group_1                 stair 0|0  seam 0.0|0.0  wob 0.0646|0.3903  iou 0.9904|0.9931  fb 0  79.1s
[ 32/50] icon_group_6                 stair 0|0  seam 0.0|0.0  wob 0.1311|5.9063  iou 0.9228|0.9681  fb 0  64.8s
[ 33/50] icon_group_4_47              stair 0|0  seam 1.0|0.0  wob 58.2661|84.804  iou 0.9093|0.9126  fb 0  4.1s
[ 34/50] red7slots_512                stair 0|0  seam 0.0|0.0  wob 0.0002|0.0016  iou 0.9667|0.9965  fb 0  106.2s
[ 35/50] icon_group_4_13              stair 1|0  seam 1.44|0.0  wob 2.5757|1760.3192  iou 0.8855|0.8855  fb 0  19.5s
[ 36/50] icon_group_2_1               stair 0|0  seam 0.0|0.0  wob 0.2024|0.0401  iou 0.9554|0.9641  fb 2  140.0s
[ 37/50] icon_group_4                 stair 0|0  seam 0.0|0.0  wob 0.0834|0.1326  iou 0.9748|0.9863  fb 0  51.3s
[ 38/50] icon_group_4_50              stair 0|0  seam 0.0|0.0  wob 0.8674|46.9086  iou 0.8736|0.9314  fb 0  21.5s
[ 39/50] icon_group_4_41              stair 2|0  seam 0.0|0.0  wob 30.2551|33691.432  iou 0.6667|0.8114  fb 1  23.3s
[ 40/50] icon_group_4_4               stair 0|0  seam 0.0|1.75  wob 0.8374|4522.4309  iou 0.7215|0.6965  fb 1  29.9s
[ 41/50] icon_group_4_52              stair 0|0  seam 2.62|0.0  wob 13537.6675|4.2641  iou 0.8323|0.8732  fb 0  15.9s
[ 42/50] icon_group_4_61              stair 0|0  seam 1.75|4.56  wob 5.1661|832.1504  iou 0.6367|0.8789  fb 0  4.0s
[ 43/50] icon_group_4_34              stair 0|0  seam 0.0|0.0  wob 0.3948|169.4079  iou 0.8265|0.9088  fb 0  37.2s
[ 44/50] icon_group_2_5               stair 0|0  seam 0.0|0.0  wob 0.0|0.0154  iou 0.9869|0.9923  fb 0  43.4s
[ 45/50] icon_group_4_78              stair 0|0  seam 0.0|0.0  wob 0.5649|0.8637  iou 0.9304|0.9739  fb 0  13.1s
[ 46/50] platipus_512                 stair 0|0  seam 0.0|0.0  wob 0.2365|0.0002  iou 0.9936|0.9999  fb 0  39.4s
[ 47/50] icon_group_3_3               stair 0|0  seam 4.81|0.0  wob 77.6816|3.3893  iou 0.8262|0.9085  fb 0  13.3s
[ 48/50] icon_group_4_1               stair 0|0  seam 6.38|0.0  wob 8.1377|14377.8476  iou 0.8565|0.963  fb 0  15.4s
[ 49/50] icon_group_4_70              stair 2|0  seam 10.5|0.0  wob 2298.1351|31.5331  iou 0.9721|0.9813  fb 0  7.1s
[ 50/50] icon_group                   stair 2|0  seam 1.5|0.0  wob 0.03|6.2385  iou 0.9575|0.9904  fb 4  261.5s

=== OURS vs VAI (wins+ties/total; median ours|vai; mean ours|vai) ===
  staircase_runs       0+41t/50   med 0.0 | 0.0   mean 0.32 | 0.0
  seam_px              4+31t/50   med 0.0 | 0.0   mean 4.8926 | 0.3038
  wobble               32+0t/50   med 1.0149 | 4.7993   mean 23839.9452 | 1255.3115
  g2_steps             50+0t/50   med 0.1989 | 1.3401   mean 0.2571 | 1.365
  kinks_per_100px       8+0t/50   med 5.0585 | 3.005   mean 5.6577 | 3.5003
  micro_segs           42+0t/50   med 52.5 | 122.5   mean 89.34 | 199.88
  roundness            16+0t/31   med 0.0138 | 0.0163   mean 0.0156 | 0.0163
  ink_iou               3+1t/50   med 0.9243 | 0.9626   mean 0.8937 | 0.9419
  ssim                  1+0t/50   med 0.9221 | 0.965   mean 0.9005 | 0.9567
  mae                   2+0t/50   med 7.295 | 5.145   mean 7.9668 | 5.303

Snapshot -> C:\Users\nirrt\Toolset\v-ice part\benchmarks\vai_kinkfix.json
