[  1/50] egtdigitalgames_512          stair 0|0  seam 0.0|0.0  wob 0.002|0.0017  iou 0.9971|0.9982  fb 0  80.3s
[  2/50] icon_group_4_62              stair 0|0  seam 2.06|5.88  wob 1.0449|67.8036  iou 0.8731|0.9408  fb 0  9.0s
[  3/50] icon_group_4_54              stair 0|0  seam 0.0|0.0  wob 395.8326|331.663  iou 0.9229|0.9528  fb 0  8.8s
[  4/50] icon_group_4_75              stair 0|0  seam 0.0|0.0  wob 0.4664|1.4912  iou 0.9511|0.9794  fb 0  5.0s
[  5/50] icon_group_4_20              stair 2|0  seam 19.81|0.0  wob 38789.588|2905.9281  iou 0.8333|0.885  fb 0  7.4s
[  6/50] icon_group_4_7               stair 5|0  seam 75.75|0.0  wob 275.7553|11.48  iou 0.9814|0.993  fb 0  10.8s
[  7/50] icon_group_4_55              stair 0|0  seam 0.0|0.0  wob 3.0721|600.8219  iou 0.8139|0.8341  fb 0  5.4s
[  8/50] icon_group_4_2               stair 0|0  seam 0.0|0.0  wob 0.3967|2521.5485  iou 0.6837|0.9208  fb 0  10.7s
[  9/50] eyecon_512                   stair 0|0  seam 0.0|0.0  wob 0.0011|0.0093  iou 0.9659|0.9905  fb 0  54.6s
[ 10/50] icon_group_3_10              stair 0|0  seam 0.0|0.0  wob 14.4149|0.2823  iou 0.8966|0.9598  fb 0  14.5s
[ 11/50] your_logo                    stair 0|0  seam 0.0|0.0  wob 0.115|4.2762  iou 0.949|0.9729  fb 0  28.3s
[ 12/50] icon_group_4_66              stair 2|0  seam 23.06|0.0  wob 242.6815|6.2316  iou 0.9289|1.0  fb 0  4.7s
[ 13/50] icon_group_4_44              stair 0|0  seam 0.0|0.0  wob 4.1686|1.9067  iou 0.891|0.9606  fb 1  9.6s
[ 14/50] icon_group_4_58              stair 1|0  seam 0.0|0.0  wob 2171636.8251|0.1478  iou 0.9942|1.0  fb 0  10.1s
[ 15/50] icon_group_4_63              stair 0|0  seam 0.0|0.0  wob 0.1439|0.0924  iou 0.9236|0.9814  fb 0  1.9s
[ 16/50] icon_group_5                 stair 0|0  seam 0.0|0.0  wob 0.0724|0.1075  iou 0.9558|0.9824  fb 0  27.7s
[ 17/50] icon_group_4_17              stair 2|0  seam 67.81|0.0  wob 34.7989|318.4066  iou 0.9571|0.9621  fb 0  13.0s
[ 18/50] icon_group_4_16              stair 2|0  seam 29.69|0.0  wob 57.6162|8.0275  iou 0.9564|0.9746  fb 0  7.4s
[ 19/50] icon_group_4_73              stair 1|0  seam 14.5|0.0  wob 72.8558|5.3223  iou 0.8449|0.9101  fb 0  5.3s
[ 20/50] icon_group_4_24              stair 1|0  seam 0.0|0.0  wob 91.0843|193.5646  iou 0.922|0.9697  fb 0  10.9s
[ 21/50] icon_group_4_77              stair 0|0  seam 0.0|0.0  wob 6.2178|0.5108  iou 0.8544|0.956  fb 0  2.8s
[ 22/50] icon_group_7                 stair 0|0  seam 0.0|0.0  wob 0.1054|2.074  iou 0.9398|0.942  fb 0  13.1s
[ 23/50] icon_group_4_33              stair 1|0  seam 1.12|0.0  wob 316.0461|2.5276  iou 0.875|0.9476  fb 0  18.3s
[ 24/50] plankgaming_512              stair 0|0  seam 0.0|0.0  wob 0.2023|0.1046  iou 0.9844|0.9977  fb 0  76.0s
[ 25/50] betsoft_512                  stair 0|0  seam 0.0|0.0  wob 0.0125|0.0002  iou 0.9824|0.9966  fb 0  108.4s
[ 26/50] icon_group_4_18              stair 0|0  seam 1.38|0.0  wob 1.0856|22.1028  iou 0.7649|0.7982  fb 0  13.6s
[ 27/50] icon_group_4_22              stair 0|0  seam 0.0|0.0  wob 0.8097|9.821  iou 0.701|0.818  fb 0  6.1s
[ 28/50] icon_group_4_65              stair 0|0  seam 0.0|3.0  wob 1618.2559|210.0466  iou 0.8991|0.9601  fb 0  3.5s
[ 29/50] SYNTH_SHEET                  stair 0|0  seam 0.0|0.0  wob 0.0|0.4008  iou 0.9938|0.9996  fb 0  277.7s
[ 30/50] icon_group_3_2               stair 0|0  seam 0.0|0.0  wob 0.1565|0.7987  iou 0.8958|0.8964  fb 0  12.5s
[ 31/50] icon_group_1                 stair 0|0  seam 0.0|0.0  wob 0.1089|0.3903  iou 0.9898|0.9931  fb 0  30.6s
[ 32/50] icon_group_6                 stair 0|0  seam 1.69|0.0  wob 34.7184|5.9063  iou 0.9256|0.9681  fb 0  35.3s
[ 33/50] icon_group_4_47              stair 2|0  seam 3.38|0.0  wob 3690.2238|84.804  iou 0.9118|0.9126  fb 0  4.1s
[ 34/50] red7slots_512                stair 0|0  seam 0.0|0.0  wob 0.0003|0.0016  iou 0.9708|0.9965  fb 0  113.1s
[ 35/50] icon_group_4_13              stair None|None  seam None|None  wob None|None  iou None|None  fb None  Nones
[ 36/50] icon_group_2_1               stair 0|0  seam 0.0|0.0  wob 0.0114|0.0401  iou 0.9536|0.9641  fb 1  111.5s
[ 37/50] icon_group_4                 stair 0|0  seam 0.0|0.0  wob 0.0508|0.1326  iou 0.9688|0.9863  fb 0  28.3s
[ 38/50] icon_group_4_50              stair 0|0  seam 0.0|0.0  wob 48.7041|46.9086  iou 0.8873|0.9314  fb 0  12.5s
[ 39/50] icon_group_4_41              stair 0|0  seam 0.0|0.0  wob 540.0704|33691.432  iou 0.6841|0.8114  fb 0  8.8s
[ 40/50] icon_group_4_4               stair 0|0  seam 0.81|1.75  wob 7.5615|4522.4309  iou 0.7429|0.6965  fb 1  8.6s
[ 41/50] icon_group_4_52              stair 0|0  seam 1.38|0.0  wob 127.355|4.2641  iou 0.8378|0.8732  fb 0  7.8s
[ 42/50] icon_group_4_61              stair 0|0  seam 1.5|4.56  wob 1.8932|832.1504  iou 0.6635|0.8789  fb 0  3.5s
[ 43/50] icon_group_4_34              stair 0|0  seam 0.0|0.0  wob 1.3645|169.4079  iou 0.8073|0.9088  fb 0  27.5s
[ 44/50] icon_group_2_5               stair 0|0  seam 0.0|0.0  wob 0.0|0.0154  iou 0.9852|0.9923  fb 0  24.9s
[ 45/50] icon_group_4_78              stair 0|0  seam 0.0|0.0  wob 0.2526|0.8637  iou 0.9378|0.9739  fb 0  6.5s
[ 46/50] platipus_512                 stair 0|0  seam 0.0|0.0  wob 0.4723|0.0002  iou 0.9934|0.9999  fb 0  36.8s
[ 47/50] icon_group_3_3               stair 0|0  seam 6.69|0.0  wob 79243291.7258|3.3893  iou 0.8463|0.9085  fb 0  10.8s
[ 48/50] icon_group_4_1               stair 1|0  seam 7.06|0.0  wob 7.3859|14377.8476  iou 0.8702|0.963  fb 0  11.9s
[ 49/50] icon_group_4_70              stair 3|0  seam 9.38|0.0  wob 149.5722|31.5331  iou 0.9743|0.9813  fb 0  6.1s
[ 50/50] icon_group                   stair 2|0  seam 2.5|0.0  wob 0.0264|6.2385  iou 0.9605|0.9904  fb 5  167.8s

=== OURS vs VAI (wins+ties/total; means ours|vai) ===
  staircase_runs       0+36t/49   0.5102 | 0.0
  seam_px              4+30t/49   5.5014 | 0.31
  wobble               26+0t/49   1662478.8842 | 1245.0052
  g2_steps             48+0t/49   0.477 | 1.3475
  kinks_per_100px       2+0t/49   7.5585 | 3.492
  micro_segs           35+1t/49   147.5918 | 199.7347
  roundness            15+0t/30   0.016 | 0.0163
  ink_iou               1+0t/49   0.8988 | 0.9431
  ssim                  1+0t/49   0.9093 | 0.9571
  mae                   3+0t/49   7.6816 | 5.2712

Snapshot -> C:\Users\nirrt\Toolset\v-ice part\benchmarks\vai_night_final.json
