[  1/50] egtdigitalgames_512          stair 0|0  seam 0.0|0.0  wob 0.002|0.0017  iou 0.9971|0.9982  fb 0  80.1s
[  2/50] icon_group_4_62              stair 0|0  seam 5.31|5.88  wob 2.364|67.8036  iou 0.8635|0.9408  fb 1  8.6s
[  3/50] icon_group_4_54              stair 0|0  seam 0.0|0.0  wob 0.5168|331.663  iou 0.9283|0.9528  fb 0  10.2s
[  4/50] icon_group_4_75              stair 0|0  seam 0.0|0.0  wob 2.4227|1.4912  iou 0.9495|0.9794  fb 0  6.3s
[  5/50] icon_group_4_20              stair 3|0  seam 35.25|0.0  wob 45372.3826|2905.9281  iou 0.8395|0.885  fb 0  8.0s
[  6/50] icon_group_4_7               stair 3|0  seam 100.44|0.0  wob 2389.0906|11.48  iou 0.9755|0.993  fb 0  11.0s
[  7/50] icon_group_4_55              stair 0|0  seam 0.0|0.0  wob 3.0721|600.8219  iou 0.8138|0.8341  fb 0  5.7s
[  8/50] icon_group_4_2               stair 0|0  seam 0.0|0.0  wob 1.0676|2521.5485  iou 0.6838|0.9208  fb 0  11.6s
[  9/50] eyecon_512                   stair 0|0  seam 0.0|0.0  wob 0.0011|0.0093  iou 0.9659|0.9905  fb 0  54.8s
[ 10/50] icon_group_3_10              stair 0|0  seam 0.0|0.0  wob 1.8187|0.2823  iou 0.8979|0.9598  fb 0  14.2s
[ 11/50] your_logo                    stair 0|0  seam 0.0|0.0  wob 0.0903|4.2762  iou 0.944|0.9729  fb 0  31.5s
[ 12/50] icon_group_4_66              stair 1|0  seam 27.5|0.0  wob 1363.3212|6.2316  iou 0.9312|1.0  fb 0  5.2s
[ 13/50] icon_group_4_44              stair 0|0  seam 0.0|0.0  wob 1.944|1.9067  iou 0.8862|0.9606  fb 0  9.9s
[ 14/50] icon_group_4_58              stair 0|0  seam 4.69|0.0  wob 1.4128|0.1478  iou 0.9974|1.0  fb 0  10.1s
[ 15/50] icon_group_4_63              stair 0|0  seam 0.0|0.0  wob 0.1635|0.0924  iou 0.94|0.9814  fb 0  2.6s
[ 16/50] icon_group_5                 stair 0|0  seam 0.0|0.0  wob 0.0724|0.1075  iou 0.9556|0.9824  fb 0  26.6s
[ 17/50] icon_group_4_17              stair 1|0  seam 92.69|0.0  wob 4.3738|318.4066  iou 0.9515|0.9621  fb 0  12.4s
[ 18/50] icon_group_4_16              stair 2|0  seam 32.19|0.0  wob 18.8356|8.0275  iou 0.9541|0.9746  fb 0  7.9s
[ 19/50] icon_group_4_73              stair 0|0  seam 9.25|0.0  wob 729.4096|5.3223  iou 0.8454|0.9101  fb 0  4.9s
[ 20/50] icon_group_4_24              stair 1|0  seam 1.0|0.0  wob 14.8338|193.5646  iou 0.9438|0.9697  fb 0  10.7s
[ 21/50] icon_group_4_77              stair 0|0  seam 0.0|0.0  wob 4.666|0.5108  iou 0.9202|0.956  fb 0  4.3s
[ 22/50] icon_group_7                 stair 0|0  seam 0.0|0.0  wob 0.1077|2.074  iou 0.9419|0.942  fb 0  13.9s
[ 23/50] icon_group_4_33              stair 0|0  seam 7.69|0.0  wob 792.7189|2.5276  iou 0.885|0.9476  fb 0  19.5s
[ 24/50] plankgaming_512              stair 0|0  seam 0.0|0.0  wob 0.2022|0.1046  iou 0.9854|0.9977  fb 0  76.2s
[ 25/50] betsoft_512                  stair 0|0  seam 0.0|0.0  wob 0.0125|0.0002  iou 0.9824|0.9966  fb 0  106.5s
[ 26/50] icon_group_4_18              stair 0|0  seam 1.38|0.0  wob 1.0856|22.1028  iou 0.7649|0.7982  fb 0  13.3s
[ 27/50] icon_group_4_22              stair 0|0  seam 0.0|0.0  wob 5.5327|9.821  iou 0.7173|0.818  fb 1  6.5s
[ 28/50] icon_group_4_65              stair 0|0  seam 2.88|3.0  wob 1809.7912|210.0466  iou 0.922|0.9601  fb 0  4.4s
[ 29/50] SYNTH_SHEET                  stair 0|0  seam 2.81|0.0  wob 0.0|0.4008  iou 0.9945|0.9996  fb 0  272.0s
[ 30/50] icon_group_3_2               stair 0|0  seam 0.0|0.0  wob 0.1746|0.7987  iou 0.8949|0.8964  fb 0  12.6s
[ 31/50] icon_group_1                 stair 0|0  seam 0.0|0.0  wob 0.0563|0.3903  iou 0.99|0.9931  fb 0  28.4s
[ 32/50] icon_group_6                 stair 0|0  seam 0.94|0.0  wob 4.3345|5.9063  iou 0.9309|0.9681  fb 0  39.5s
[ 33/50] icon_group_4_47              stair 3|0  seam 8.12|0.0  wob 31.3143|84.804  iou 0.9053|0.9126  fb 0  4.2s
[ 34/50] red7slots_512                stair 0|0  seam 0.0|0.0  wob 0.0003|0.0016  iou 0.9739|0.9965  fb 0  112.8s
[ 35/50] icon_group_4_13              stair None|None  seam None|None  wob None|None  iou None|None  fb None  Nones
[ 36/50] icon_group_2_1               stair 0|0  seam 0.0|0.0  wob 0.0307|0.0401  iou 0.9536|0.9641  fb 3  111.4s
[ 37/50] icon_group_4                 stair 0|0  seam 0.0|0.0  wob 0.0482|0.1326  iou 0.9687|0.9863  fb 1  28.0s
[ 38/50] icon_group_4_50              stair 0|0  seam 0.0|0.0  wob 6.7158|46.9086  iou 0.8884|0.9314  fb 0  12.8s
[ 39/50] icon_group_4_41              stair 0|0  seam 0.0|0.0  wob 4.0587|33691.432  iou 0.7107|0.8114  fb 0  12.1s
[ 40/50] icon_group_4_4               stair 0|0  seam 0.0|1.75  wob 7.0207|4522.4309  iou 0.7397|0.6965  fb 1  14.4s
[ 41/50] icon_group_4_52              stair 2|0  seam 0.0|0.0  wob 20.2342|4.2641  iou 0.8488|0.8732  fb 0  7.8s
[ 42/50] icon_group_4_61              stair 0|0  seam 0.0|4.56  wob 1.6769|832.1504  iou 0.6773|0.8789  fb 0  3.8s
[ 43/50] icon_group_4_34              stair 0|0  seam 0.0|0.0  wob 14.213|169.4079  iou 0.8045|0.9088  fb 0  27.7s
[ 44/50] icon_group_2_5               stair 0|0  seam 0.0|0.0  wob 0.0|0.0154  iou 0.9852|0.9923  fb 0  25.0s
[ 45/50] icon_group_4_78              stair 0|0  seam 0.0|0.0  wob 62.5174|0.8637  iou 0.911|0.9739  fb 1  7.5s
[ 46/50] platipus_512                 stair 0|0  seam 111.81|0.0  wob 0.4373|0.0002  iou 0.9994|0.9999  fb 0  35.0s
[ 47/50] icon_group_3_3               stair 0|0  seam 17.06|0.0  wob 9.9243|3.3893  iou 0.8453|0.9085  fb 0  11.7s
[ 48/50] icon_group_4_1               stair 0|0  seam 6.94|0.0  wob 15.6838|14377.8476  iou 0.88|0.963  fb 0  15.5s
[ 49/50] icon_group_4_70              stair 0|0  seam 9.38|0.0  wob 1974.1607|31.5331  iou 0.9743|0.9813  fb 0  7.8s
[ 50/50] icon_group                   stair 2|0  seam 1.5|0.0  wob 0.0889|6.2385  iou 0.9606|0.9904  fb 13  169.9s

=== OURS vs VAI (wins+ties/total; means ours|vai) ===
  staircase_runs       0+40t/49   0.3673 | 0.0
  seam_px              4+27t/49   9.772 | 0.31
  wobble               28+0t/49   1115.796 | 1245.0052
  g2_steps             49+0t/49   0.3423 | 1.3475
  kinks_per_100px       2+0t/49   7.7293 | 3.492
  micro_segs           35+2t/49   147.9592 | 199.7347
  roundness            16+0t/31   0.0159 | 0.0158
  ink_iou               1+0t/49   0.9025 | 0.9431
  ssim                  1+0t/49   0.9097 | 0.9571
  mae                   3+0t/49   7.5378 | 5.2712

Snapshot -> C:\Users\nirrt\Toolset\v-ice part\benchmarks\vai_after_s12s13.json
